.
├── accelerometer.txt
├── associate.txt
├── depth
│   ├── 1305031102.160407.png
│   ├── 1305031102.194330.png
│   ├── 1305031102.226738.png
│   ├── 1305031102.262886.png
│   ├── 1305031102.295279.png
│   ├── 1305031102.329195.png
│   ├── 1305031102.363013.png
│   ├── 1305031102.394772.png
│   ├── 1305031102.427815.png
│   ├── 1305031102.462395.png
│   ├── 1305031102.494271.png
│   ├── 1305031102.526330.png
│   ├── 1305031102.562224.png
│   ├── 1305031102.594158.png
│   ├── 1305031102.626818.png
│   ├── 1305031102.663273.png
│   ├── 1305031102.695165.png
│   ├── 1305031102.728423.png
│   ├── 1305031102.763549.png
│   └── 1305031102.794978.png
├── depth.txt
├── groundtruth.txt
├── rgb
│   ├── 1305031102.175304.png
│   ├── 1305031102.211214.png
│   ├── 1305031102.243211.png
│   ├── 1305031102.275326.png
│   ├── 1305031102.311267.png
│   ├── 1305031102.343233.png
│   ├── 1305031102.375329.png
│   ├── 1305031102.411258.png
│   ├── 1305031102.443271.png
│   ├── 1305031102.475318.png
│   ├── 1305031102.511219.png
│   ├── 1305031102.543220.png
│   ├── 1305031102.575286.png
│   ├── 1305031102.611233.png
│   ├── 1305031102.643265.png
│   ├── 1305031102.675285.png
│   ├── 1305031102.711263.png
│   ├── 1305031102.743234.png
│   ├── 1305031102.775472.png
│   └── 1305031102.811232.png
└── rgb.txt

3 directories, 45 files
