rotation matrix =
[[0.7071067811865476, 0.7071067811865475, 0.0], [-0.7071067811865475, 0.7071067811865476, 0.0], [0.0, 0.0, 1.0]]
(1,0,0) after rotation (by angle axis) = [[0.7071067811865476, 0.7071067811865475, 0.0]]
(1,0,0) after rotation (by matrix) = [[0.7071067811865476, 0.7071067811865475, 0.0]]
yaw pitch roll = (0.0, -0.0, 0.7853981633974482)
Transform matrix = 
Isometry { rotation: [0.0, 0.0, 0.3826834323650897, 0.9238795325112867], translation: [1.0, 3.0, 4.0] }
v tranformed = [[0.7071067811865476, 0.7071067811865475, 0.0]]
Affine transformation matrix = 
[[0.7071067811865475, 0.7071067811865475, 0.0, 0.0], [-0.7071067811865475, 0.7071067811865475, 0.0, 0.0], [0.0, 0.0, 1.0, 0.0], [1.0, 3.0, 4.0, 1.0]]
v after affine transformation = [[1.7071067811865475, 3.7071067811865475, 4.0, 1.0]]
Perspective projection matrix = 
[[1.830487721712452, 0.0, 0.0, 0.0], [0.0, 1.830487721712452, 0.0, 0.0], [0.0, 0.0, -1.002002002002002, -1.0], [0.0, 0.0, -0.20020020020020018, 0.0]]
Orthographic projection matrix = 
[[2.0, 0.0, 0.0, 0.0], [0.0, 2.0, 0.0, 0.0], [0.0, 0.0, -0.02002002002002002, 0.0], [-1.0, -1.0, -1.002002002002002, 1.0]]
v after perspective transformation = [-0.6101625739041506, -1.2203251478083013, 1.0687354020687352]
v_point after orthographic transformation = [1.0, 3.0, -1.062062062062062]
quaternion from rotation matrix = [0.0, 0.0, 0.3826834323650897, 0.9238795325112867]
quaternion from rotation vector = [0.0, 0.70710677, 0.0, 0.70710677]
(1,0,0) after rotation = [[5.9604645e-8, 0.0, -0.99999994]]
should be equal to [0.0, 0.0, -0.99999994, 0.0]
