f(x) = 11.677546086123801	x = [8.53690331535477, -8.299242413044347, -4.73696412527003]
f(x) = 0.6225237272310241	x = [-3.3077915890419076, 3.4337613462481915, 0.9696441659197603]
f(x) = 14.13598976819223	x = [3.9717308974528525, 0.47713111679765596, 1.972105959001313]
f(x) = 85272703.62269814	x = [-1.5853448103759042, -6.217113206038744, 9.131053417642544]
f(x) = 7.781514090991774	x = [-5.421886149494796, -2.29048844201784, -0.4518161925250723]
f(x) = 502208.8940798425	x = [-8.468372492540741, 1.4563926470887996, 6.568208509050979]
f(x) = 10.493544827356601	x = [1.8875809684528893, 9.435745762368992, -1.6786082490833003]
f(x) = 9.0207462919997	x = [-4.413648755177334, -1.7370683087717325, -0.8614428596594106]
f(x) = 11.73712460901866	x = [7.784187156622043, 6.362731640074841, -9.738525046358255]
f(x) = 8.37105283804145	x = [-9.352738283386572, -9.629670074440355, -0.6297396028116555]
f(x) = 2931.156934313981	x = [6.795573353300675, 1.743632936801987, 4.052935030060903]
f(x) = 0.6215362535315975	x = [9.082864623253538, 6.496693729247223, 0.9698815367002229]
f(x) = 3.9137746674452383	x = [7.8337924370028915, 0.46838831627047206, 0.3699632803350301]
f(x) = 2.1142771781207004	x = [4.164465524385797, 0.19427145268306312, 1.5851581519101448]
f(x) = 266052.97218178853	x = [-3.1701751516882073, -9.251418798598786, 6.252345476948172]
f(x) = 11.733337366072206	x = [8.163225501147544, 0.9152805387339118, -7.399201376220335]
f(x) = 11.082929731697234	x = [8.355975279819248, 7.831835125524943, -2.334031989569019]
f(x) = 11.725951023130857	x = [-2.2900577798703052, 2.3852219197240903, -6.382976779981364]
f(x) = 11.02716226962222	x = [-1.044735695327054, -0.5992784118194798, -2.251031586071999]
f(x) = 18700.11456313281	x = [-7.690042066424363, 2.305761748019412, 4.942887146758055]
f(x) = 11.557478785713066	x = [-9.57026482937172, 6.604555896112423, -3.635207089938185]
f(x) = 11.696268314681678	x = [1.6525223264591542, -9.043836371690976, -5.111516461279225]
f(x) = 11.137213979413094	x = [-5.312613903857003, -1.3182594311396603, -2.421805465440932]
f(x) = 10.576536378658133	x = [-9.035286138018254, -7.513269030054541, -1.7495684133651892]
f(x) = 11.733159543265735	x = [2.167900565482343, 8.27903583072921, -7.357646135205664]
f(x) = 11.718655923186098	x = [-9.565114023167766, -1.7902291888055224, -5.894177958321051]
f(x) = 20.486151916030625	x = [2.715100544804601, -8.365353695136632, 2.073444939163462]
f(x) = 16.51751038310331	x = [-0.718063000102001, 0.1541331365808034, 2.013593055449146]
f(x) = 11.737129709383344	x = [-0.15081920386842462, -4.105420248772028, -9.751228847706196]
f(x) = 10.128722165915802	x = [-8.042989001040324, 9.446028564664967, -1.4128751590023363]
f(x) = 11.699245834096674	x = [-7.697004071043624, -1.771287207133371, -5.1864805490856405]
f(x) = 7.117943329981201	x = [8.576761811148994, 0.35758055516929055, -0.27699236625388224]
f(x) = 11.54094218534847	x = [7.958948104271766, -1.288789523991717, -3.546982056567022]
f(x) = 11901980.787919246	x = [-7.510752306832682, -0.921119430573432, 8.147100273098598]
f(x) = 114.16393923272244	x = [-4.640014156309408, -8.5870518358425, 2.646937650734758]
f(x) = 20.118933556569164	x = [-4.3483937885431025, 4.4028255246892485, 2.0683074249349005]
f(x) = 1.7621874263321977	x = [2.748026742053156, 9.216148576228836, 0.741238818254331]
f(x) = 11.711197200362673	x = [8.810735453681541, -7.578785358828073, -5.5609727100895725]
f(x) = 11.727121864414086	x = [-5.843684121566381, 0.9971562396181195, -6.489618186070411]
f(x) = 3665590.037849392	x = [-3.170708459000772, -2.222316143291268, 7.559037774226383]
f(x) = 47876676.10364369	x = [9.85897209502151, 2.0633134528725865, 8.842564522974573]
f(x) = 9.007894924311172	x = [7.011783975364793, 5.484066800014958, -0.8563907212313353]
f(x) = 11.72955987563404	x = [2.405863146940577, -2.9144603298550944, -6.756597457208269]
f(x) = 1100986.0464587815	x = [-5.494015111990932, 8.707672592755006, 6.95911815922133]
f(x) = 17471180.964945048	x = [-6.8316176988552435, 5.123960952847122, 8.338850951639877]
f(x) = 33806216.26207146	x = [-9.039089297939608, -1.1948117072344981, 8.668666691833863]
f(x) = 6.263709975225168	x = [7.969456847506528, -3.9593395409880507, -0.07983660522662994]
f(x) = 9.134940679806405	x = [-8.519090585517194, -1.0202381210441427, -0.9073279044622478]
f(x) = 10.495259322668414	x = [-4.694516943548383, -0.9583461526606101, -1.6800271296034168]
f(x) = 11.736987185686289	x = [-1.9177315291542367, -6.44680841394662, -9.445762136723962]
f(x) = 7013605.960088477	x = [0.8539730415978646, 0.5960961548457515, 7.882974081033044]
f(x) = 11.730788946405632	x = [-0.19640512275504918, 7.883381475011259, -6.924138369328725]
f(x) = 11.619206432000665	x = [-0.879281208778611, 3.935527146893792, -4.056356777147777]
f(x) = 11.720074162851253	x = [-8.405930973876297, 2.4012991713276595, -5.972329290249]
f(x) = 294.3459458517573	x = [2.2655963871303424, 4.558655801718709, 3.024442215790872]
f(x) = 11.730748295930212	x = [4.898242578846881, -7.649854107518474, -6.918124127949374]
f(x) = 9.680690174426946	x = [-5.4804303635757625, -5.730700520104065, -1.1563676797983415]
f(x) = 42572.022540800644	x = [5.806332862528908, 8.960314349905609, 5.345944451468128]
f(x) = 181274.8126763995	x = [-6.061155190467641, -4.1345360079207785, 6.061899261279606]
f(x) = 11.657460063159917	x = [1.8222360906300956, 4.5713702403685, -4.447704705943466]
f(x) = 77.15730752060126	x = [9.360579622180104, 7.038234249801196, 2.502249630943492]
f(x) = 74010925.21662314	x = [7.665031343951078, 6.943400948898184, 9.060259795799162]
f(x) = 9.250500295062757	x = [6.528018000234816, -5.947692068380185, -0.9556966148608286]
f(x) = 28457824.120939422	x = [5.7515858331985275, 8.182855229333608, 8.582608866158157]
f(x) = 14.481163801952427	x = [-2.0981972245708063, 6.61081489910168, 1.9784354372531006]
f(x) = 11599.985581025829	x = [1.0617953006121876, -5.295761787895174, 4.710693820336427]
f(x) = 217367.90731550448	x = [-3.032470249810183, -2.455130197652145, 6.151994806802396]
f(x) = 0.2407842099831716	x = [0.5327062054958791, 2.560916592765354, 1.365250831238301]
f(x) = 42529017.60662352	x = [2.3232573649836468, 7.340910438973076, 8.783373792393906]
f(x) = 266069.2313101158	x = [3.052765643857576, 4.8176737680437824, 6.25237583059242]
f(x) = 9.047664743677037	x = [-0.586899951142648, -5.979667402307411, -0.872096707702136]
f(x) = 45080.28229982852	x = [-5.013501254754388, 0.5275043019815513, 5.37410728196598]
f(x) = 11.735405388063935	x = [0.4651211625349898, -9.676688971213808, -8.079298669884935]
f(x) = 5.180503209329473	x = [-5.53629456084887, -5.098422836594744, 0.13970611705545188]
f(x) = 7.190074744393992	x = [1.6446517630296071, 1.3034996946048256, 1.8095075620994212]
f(x) = 47652327.20667177	x = [-8.78464474132409, -7.921020849292004, 8.840217192401298]
f(x) = 11.736793460950379	x = [-1.6807138409110305, -0.7952880468219607, -9.139908167403856]
f(x) = 11.731875491207191	x = [9.994058401257803, 3.8208821097165195, -7.099962961213189]
f(x) = 8.802133947075163	x = [5.715555100108077, 6.421645396429369, -0.7783377413214101]
f(x) = 1.6305539837173162	x = [-7.745055975268333, 2.0240274816930697, 0.7650380810909034]
f(x) = 7.055962924670118	x = [-2.2005955892564026, 3.3239871847846363, -0.26175259482708313]
f(x) = 0.08611336955535728	x = [-2.6648034675996692, 8.47678367028924, 1.1418495682876078]
f(x) = 1144.7135371322272	x = [7.70454176061952, 0.7005949734274335, 3.6179102517080537]
f(x) = 11.724413356871317	x = [6.958384066408474, 2.035073216141143, -6.258239570888676]
f(x) = 11.737016949036942	x = [-6.452524867082698, 7.09852357848494, -9.50229938608937]
f(x) = 213332.33823979428	x = [-5.318394491094857, -2.9789136517115136, 6.14269341792156]
f(x) = 4.957926897825973	x = [-4.941651534614556, -4.967500590799147, 1.7321241000405614]
f(x) = 23978.23085149864	x = [-4.99750997898773, -4.311476358087191, 5.0643344432253325]
f(x) = 11.212722794350213	x = [-0.40316363932626764, -5.978241886900925, -2.55789954164415]
f(x) = 21049.055501343846	x = [5.730606964085222, -4.994145576109909, 5.000645117885755]
f(x) = 9.596943529603937	x = [2.306461114228753, 7.5209474883994965, -1.1143933100332895]
f(x) = 11.732933661713151	x = [9.875378016643225, -8.24883640149042, -7.307233711147489]
f(x) = 3342054.9278692803	x = [2.5357751433129376, -5.394398945363611, 7.512920509556128]
f(x) = 137343.3699705744	x = [-4.711059780122894, -3.1818899733121766, 5.924321763073216]
f(x) = 186535.5360077009	x = [1.2112958055634433, -4.125744117173066, 6.076089677888568]
f(x) = 12196.177573386607	x = [3.6454097544537483, -7.176862750224421, 4.734989939390195]
f(x) = 9.141103152485554	x = [-7.466443556660915, 2.601099760638295, -0.9098565933730676]
f(x) = 11.011200268755749	x = [0.19151987397523484, 1.5054070351335618, -2.2284537993010316]
f(x) = 34.253808668666366	x = [-5.729063691966138, -5.985719706075775, 2.2277196215245016]
f(x) = 0.8062089578894197	x = [-7.621781549359653, -0.5397284819624506, 1.4641575598783945]
f(x) = 11.38189532115471	x = [2.467003164239621, 0.19525040675754823, -2.9507356247887797]
estimated a, b, c = [[2.0, -1.0, 5.0]]
