-- Max dist: 49
-- Min dist: 0
一共找到了 295 组匹配点
depth: -1.0682591
depth: 16.758379
depth: -1.0739808
depth: -7.4853854
depth: -3.0555332
depth: 1.184703
depth: 0.9073537
depth: -6.4895153
depth: -4.967545
depth: 0.5846251
depth: -0.4194018
depth: 9.603349
depth: 1.6069611
depth: -1.156245
depth: 0.920699
depth: -2.520099
depth: 1.1359009
depth: 1.6041449
depth: -1.0773826
depth: -2.6092265
depth: 40.96839
depth: -2.9532847
depth: 1.1431345
depth: 4.4306517
depth: 0.88127863
depth: -1.1691254
depth: -1.1642488
depth: -4.9944277
depth: -1.1607242
depth: -5.0402975
depth: 1.9594859
depth: 1.1397966
depth: 1.1255443
depth: -38.857853
depth: -1.1556851
depth: 1.1654509
depth: 0.9103163
depth: -1.1672709
depth: 0.9026866
depth: -1.2585545
depth: 1.1392057
depth: -2.9726222
depth: 11.040182
depth: 1.9152794
depth: 1.0543239
depth: -30.689102
depth: -2.2261448
depth: 0.89882696
depth: -1.1527925
depth: -1.6788392
depth: 0.73048836
depth: 1.1352767
depth: 1.132005
depth: 0.83951294
depth: 1.4216063
depth: -1.271296
depth: -2.6838498
depth: -2.0786269
depth: -14.831892
depth: -4.3584065
depth: -3.5802643
depth: 0.9038284
depth: 0.87409383
depth: -1.147521
depth: -2.1627338
depth: -5.1153913
depth: -1.1312805
depth: 5.350748
depth: 4.4507346
depth: -6.8130565
depth: -1.1498927
depth: -4.609982
depth: -0.93576294
depth: -2.683063
depth: 0.86977386
depth: 2.0195804
depth: 0.8594893
depth: 0.8394204
depth: -3.1924016
depth: -2.714812
depth: 0.8761565
depth: 23.062506
depth: 0.9708687
depth: -1.9462581
depth: -1.6841698
depth: 0.7825731
depth: 1.9381788
depth: -4.54418
depth: 1.9687475
depth: -2.2614548
depth: -1.29684
depth: 1.568985
depth: 0.8688105
depth: 4.4965243
depth: 2.1058218
depth: 1.5487989
depth: -2.8555725
depth: -1.4741856
depth: 4.577497
depth: 5.1587453
depth: 10.801207
depth: 5.907525
depth: -2.6635635
depth: -3.0801315
depth: -2.3911488
depth: 1.3588834
depth: -1.4107674
depth: -1.1425381
depth: 2.194809
depth: 0.8766155
depth: -2.2846646
depth: 1.3938376
depth: 2.0285997
depth: 1.928609
depth: 0.764881
depth: 1.1864123
depth: -2.7490504
depth: 19.861467
depth: -12.464244
depth: 6.0643163
depth: 1.9663255
depth: -2.2734842
depth: -3.258421
depth: 2.7542956
depth: 1.507054
depth: -2.3627052
depth: -6.1574607
depth: 2.124689
depth: 19.075747
depth: -2.0273216
depth: -40.023952
depth: -1.6420205
depth: 4.110801
depth: 3.1532145
depth: 0.8660443
depth: -3.494662
depth: 1.1840413
depth: -4.525269
depth: -1.4020026
depth: -2.3617413
depth: 0.79278517
depth: 1.9696611
depth: 0.76470214
depth: 1.1377218
depth: 4.0392323
depth: -1.3098271
depth: -1.3546315
depth: -1.6353816
depth: -3.2355728
depth: -4.5172925
depth: -3.58024
depth: -7.491839
depth: -1.9182785
depth: 1.4312519
depth: 2.6562767
depth: 1.6048754
depth: 1.9806134
depth: -4.550171
depth: 1.8392822
depth: -1.2842796
depth: 0.7812632
depth: -1.12976
depth: -2.2654092
depth: -3.5388005
depth: 1.6067001
depth: 1.9913453
depth: 5.872393
depth: 1.9863962
depth: -4.219409
depth: -2.8938684
depth: 2.8361542
depth: -3.9030795
depth: 6.563613
depth: 1.8004555
depth: 1.5682863
depth: -1.6847613
depth: -1.1032721
depth: 5.745821
depth: -1.0980593
depth: -2.2807052
depth: 1.9804995
depth: 5.6040735
depth: -1.2715851
depth: -1.1195772
depth: 1.5736406
depth: 2.9496796
depth: -1.6430131
depth: 2.7054691
depth: 1.1002741
depth: -1.8216981
depth: -6.183536
depth: 2.6571858
depth: -1.59567
depth: -1.1227694
depth: 1.9528875
depth: 1.9249381
depth: -2.359306
depth: -1.9955227
depth: 0.88653237
depth: -3.1339962
depth: 0.8410452
depth: 1.5983682
depth: 1.934882
depth: 0.8133631
depth: 16.056536
depth: 2.0127645
depth: -2.293834
depth: 1.5056043
depth: -2.9230535
depth: -6.2940984
depth: 4.9174786
depth: -11.431895
depth: -2.2856488
depth: 7.6936007
depth: 0.90854245
depth: -3.0288634
depth: -1.5450162
depth: -4.617558
depth: 2.4260805
depth: -2.2898884
depth: 1.6142517
depth: -6.19416
depth: 9.252822
depth: 1.399999
depth: -2.833836
depth: 15.826642
depth: -1.3922697
depth: -3.2368484
depth: -3.9339786
depth: -2.2289178
depth: 0.83629674
depth: -21.2495
depth: 1.4586102
depth: 1.4985782
depth: 12.17428
depth: 2.2519875
depth: -1.3318595
depth: 2.0085433
depth: -1.9441799
depth: 1.8635588
depth: 1.5162016
depth: 2.7017176
depth: -2.225242
depth: -6.790227
depth: -1.5967298
depth: 3.0400946
depth: -1.339016
depth: 0.822173
depth: -5.915357
depth: -4.324897
depth: 4.0620627
depth: 3.2916596
depth: 5.2970424
depth: -34.243496
depth: 18.975756
depth: 1.5061506
depth: -1.8533204
depth: 1.2652708
depth: -6.9255958
depth: -4.2676945
depth: -2.7823994
depth: 2.639889
depth: 2.0406363
depth: 1.7346212
depth: 3.599763
depth: -2.7108064
depth: 1.5187306
depth: 1.5129495
depth: 1.8813074
depth: 1.5966686
depth: -3.870776
depth: -3.2226613
depth: -1.5025575
depth: -7.1065235
depth: -15.275839
depth: -21.10852
depth: -4.6835365
depth: 1.5732958
depth: 9.676934
depth: 1.6426976
depth: 1.5786655
depth: -61.938293
depth: -1.670975
depth: 4.5277796
depth: 1.8285583
depth: -4.632374
depth: 0.8960234
depth: 2.2801363
depth: -1.515655
depth: 3.3221164
depth: 1.5051492
depth: -47.033264
depth: -4.401222
depth: 1.9790704
depth: 6.6967564
