提取ORB特征点耗时: 11.989551833s 秒
匹配ORB特征点耗时: 2.235518042s 秒
-- 最大距离: 49
-- 最小距离: 0
3d-2d pairs: 193
iteration 0 cost=5070516
cost: 8069979.353204708, last cost: 5070516
pose by g-n: 

  ┌                                                                                     ┐
  │   0.8334512382092855  -0.5276715504120854  -0.1640785434269663 -0.09656423575611084 │
  │   0.5287151897972252   0.8478138794073864 -0.04088855539000984 -0.04309503624237249 │
  │   0.1606837938470865 -0.05267220111124808   0.9855994914898258 0.013875177985952772 │
  │                    0                    0                    0                    1 │
  └                                                                                     ┘


abc: VectorVar3(0.000, 0.000, 0.000)
abc: VectorVar3(0.000, 0.000, 0.000)
abc: VectorVar3(0.000, 0.000, 0.000)
abc: VectorVar3(0.000, 0.000, 0.000)
abc: VectorVar3(0.000, 0.000, 0.000)
abc: VectorVar3(0.000, 0.000, 0.000)
abc: VectorVar3(0.000, 0.000, 0.000)
abc: VectorVar3(0.000, 0.000, 0.000)
abc: VectorVar3(0.000, 0.000, 0.000)
abc: VectorVar3(0.000, 0.000, 0.000)
abc: VectorVar3(0.000, 0.000, 0.000)
abc: VectorVar3(0.000, 0.000, 0.000)
abc: VectorVar3(0.000, 0.000, 0.000)
abc: VectorVar3(0.000, 0.000, 0.000)
abc: VectorVar3(0.000, 0.000, 0.000)
abc: VectorVar3(0.000, 0.000, 0.000)
abc: VectorVar3(0.000, 0.000, 0.000)
abc: VectorVar3(0.000, 0.000, 0.000)
abc: VectorVar3(0.000, 0.000, 0.000)
abc: VectorVar3(0.000, 0.000, 0.000)
abc: VectorVar3(0.000, 0.000, 0.000)
abc: VectorVar3(0.000, 0.000, 0.000)
abc: VectorVar3(0.000, 0.000, 0.000)
abc: VectorVar3(0.000, 0.000, 0.000)
abc: VectorVar3(0.000, 0.000, 0.000)
abc: VectorVar3(0.000, 0.000, 0.000)
abc: VectorVar3(0.000, 0.000, 0.000)
abc: VectorVar3(0.000, 0.000, 0.000)
abc: VectorVar3(0.000, 0.000, 0.000)
abc: VectorVar3(0.000, 0.000, 0.000)
abc: VectorVar3(0.000, 0.000, 0.000)
abc: VectorVar3(0.000, 0.000, 0.000)
abc: VectorVar3(0.000, 0.000, 0.000)
abc: VectorVar3(0.000, 0.000, 0.000)
abc: VectorVar3(0.000, 0.000, 0.000)
abc: VectorVar3(0.000, 0.000, 0.000)
abc: VectorVar3(0.000, 0.000, 0.000)
abc: VectorVar3(0.000, 0.000, 0.000)
abc: VectorVar3(0.000, 0.000, 0.000)
abc: VectorVar3(0.000, 0.000, 0.000)
abc: VectorVar3(0.000, 0.000, 0.000)
abc: VectorVar3(0.000, 0.000, 0.000)
abc: VectorVar3(0.000, 0.000, 0.000)
abc: VectorVar3(0.000, 0.000, 0.000)
abc: VectorVar3(0.000, 0.000, 0.000)
abc: VectorVar3(0.000, 0.000, 0.000)
abc: VectorVar3(0.000, 0.000, 0.000)
abc: VectorVar3(0.000, 0.000, 0.000)
abc: VectorVar3(0.000, 0.000, 0.000)
abc: VectorVar3(0.000, 0.000, 0.000)
abc: VectorVar3(0.000, 0.000, 0.000)
abc: VectorVar3(0.000, 0.000, 0.000)
abc: VectorVar3(0.000, 0.000, 0.000)
abc: VectorVar3(0.000, 0.000, 0.000)
abc: VectorVar3(0.000, 0.000, 0.000)
abc: VectorVar3(0.000, 0.000, 0.000)
abc: VectorVar3(0.000, 0.000, 0.000)
abc: VectorVar3(0.000, 0.000, 0.000)
abc: VectorVar3(0.000, 0.000, 0.000)
abc: VectorVar3(0.000, 0.000, 0.000)
abc: VectorVar3(0.000, 0.000, 0.000)
abc: VectorVar3(0.000, 0.000, 0.000)
abc: VectorVar3(0.000, 0.000, 0.000)
abc: VectorVar3(0.000, 0.000, 0.000)
abc: VectorVar3(0.000, 0.000, 0.000)
abc: VectorVar3(0.000, 0.000, 0.000)
abc: VectorVar3(0.000, 0.000, 0.000)
abc: VectorVar3(0.000, 0.000, 0.000)
abc: VectorVar3(0.000, 0.000, 0.000)
abc: VectorVar3(0.000, 0.000, 0.000)
abc: VectorVar3(0.000, 0.000, 0.000)
abc: VectorVar3(0.000, 0.000, 0.000)
abc: VectorVar3(0.000, 0.000, 0.000)
abc: VectorVar3(0.000, 0.000, 0.000)
abc: VectorVar3(0.000, 0.000, 0.000)
abc: VectorVar3(0.000, 0.000, 0.000)
abc: VectorVar3(0.000, 0.000, 0.000)
abc: VectorVar3(0.000, 0.000, 0.000)
abc: VectorVar3(0.000, 0.000, 0.000)
abc: VectorVar3(0.000, 0.000, 0.000)
abc: VectorVar3(0.000, 0.000, 0.000)
abc: VectorVar3(0.000, 0.000, 0.000)
abc: VectorVar3(0.000, 0.000, 0.000)
abc: VectorVar3(0.000, 0.000, 0.000)
abc: VectorVar3(0.000, 0.000, 0.000)
abc: VectorVar3(0.000, 0.000, 0.000)
abc: VectorVar3(0.000, 0.000, 0.000)
abc: VectorVar3(0.000, 0.000, 0.000)
abc: VectorVar3(0.000, 0.000, 0.000)
abc: VectorVar3(0.000, 0.000, 0.000)
abc: VectorVar3(0.000, 0.000, 0.000)
abc: VectorVar3(0.000, 0.000, 0.000)
abc: VectorVar3(0.000, 0.000, 0.000)
abc: VectorVar3(0.000, 0.000, 0.000)
abc: VectorVar3(0.000, 0.000, 0.000)
abc: VectorVar3(0.000, 0.000, 0.000)
abc: VectorVar3(0.000, 0.000, 0.000)
abc: VectorVar3(0.000, 0.000, 0.000)
abc: VectorVar3(0.000, 0.000, 0.000)
abc: VectorVar3(0.000, 0.000, 0.000)
abc: VectorVar3(0.000, 0.000, 0.000)
abc: VectorVar3(0.000, 0.000, 0.000)
abc: VectorVar3(0.000, 0.000, 0.000)
abc: VectorVar3(0.000, 0.000, 0.000)
abc: VectorVar3(0.000, 0.000, 0.000)
abc: VectorVar3(0.000, 0.000, 0.000)
abc: VectorVar3(0.000, 0.000, 0.000)
abc: VectorVar3(0.000, 0.000, 0.000)
abc: VectorVar3(0.000, 0.000, 0.000)
abc: VectorVar3(0.000, 0.000, 0.000)
abc: VectorVar3(0.000, 0.000, 0.000)
abc: VectorVar3(0.000, 0.000, 0.000)
abc: VectorVar3(0.000, 0.000, 0.000)
abc: VectorVar3(0.000, 0.000, 0.000)
abc: VectorVar3(0.000, 0.000, 0.000)
abc: VectorVar3(0.000, 0.000, 0.000)
abc: VectorVar3(0.000, 0.000, 0.000)
abc: VectorVar3(0.000, 0.000, 0.000)
abc: VectorVar3(0.000, 0.000, 0.000)
abc: VectorVar3(0.000, 0.000, 0.000)
abc: VectorVar3(0.000, 0.000, 0.000)
abc: VectorVar3(0.000, 0.000, 0.000)
abc: VectorVar3(0.000, 0.000, 0.000)
abc: VectorVar3(0.000, 0.000, 0.000)
abc: VectorVar3(0.000, 0.000, 0.000)
abc: VectorVar3(0.000, 0.000, 0.000)
abc: VectorVar3(0.000, 0.000, 0.000)
abc: VectorVar3(0.000, 0.000, 0.000)
abc: VectorVar3(0.000, 0.000, 0.000)
abc: VectorVar3(0.000, 0.000, 0.000)
abc: VectorVar3(0.000, 0.000, 0.000)
abc: VectorVar3(0.000, 0.000, 0.000)
abc: VectorVar3(0.000, 0.000, 0.000)
abc: VectorVar3(0.000, 0.000, 0.000)
abc: VectorVar3(0.000, 0.000, 0.000)
abc: VectorVar3(0.000, 0.000, 0.000)
abc: VectorVar3(0.000, 0.000, 0.000)
abc: VectorVar3(0.000, 0.000, 0.000)
abc: VectorVar3(0.000, 0.000, 0.000)
abc: VectorVar3(0.000, 0.000, 0.000)
abc: VectorVar3(0.000, 0.000, 0.000)
abc: VectorVar3(0.000, 0.000, 0.000)
abc: VectorVar3(0.000, 0.000, 0.000)
abc: VectorVar3(0.000, 0.000, 0.000)
abc: VectorVar3(0.000, 0.000, 0.000)
abc: VectorVar3(0.000, 0.000, 0.000)
abc: VectorVar3(0.000, 0.000, 0.000)
abc: VectorVar3(0.000, 0.000, 0.000)
abc: VectorVar3(0.000, 0.000, 0.000)
abc: VectorVar3(0.000, 0.000, 0.000)
abc: VectorVar3(0.000, 0.000, 0.000)
abc: VectorVar3(0.000, 0.000, 0.000)
abc: VectorVar3(0.000, 0.000, 0.000)
abc: VectorVar3(0.000, 0.000, 0.000)
abc: VectorVar3(0.000, 0.000, 0.000)
abc: VectorVar3(0.000, 0.000, 0.000)
abc: VectorVar3(0.000, 0.000, 0.000)
abc: VectorVar3(0.000, 0.000, 0.000)
abc: VectorVar3(0.000, 0.000, 0.000)
abc: VectorVar3(0.000, 0.000, 0.000)
abc: VectorVar3(0.000, 0.000, 0.000)
abc: VectorVar3(0.000, 0.000, 0.000)
abc: VectorVar3(0.000, 0.000, 0.000)
abc: VectorVar3(0.000, 0.000, 0.000)
abc: VectorVar3(0.000, 0.000, 0.000)
abc: VectorVar3(0.000, 0.000, 0.000)
abc: VectorVar3(0.000, 0.000, 0.000)
abc: VectorVar3(0.000, 0.000, 0.000)
abc: VectorVar3(0.000, 0.000, 0.000)
abc: VectorVar3(0.000, 0.000, 0.000)
abc: VectorVar3(0.000, 0.000, 0.000)
abc: VectorVar3(0.000, 0.000, 0.000)
abc: VectorVar3(0.000, 0.000, 0.000)
abc: VectorVar3(0.000, 0.000, 0.000)
abc: VectorVar3(0.000, 0.000, 0.000)
abc: VectorVar3(0.000, 0.000, 0.000)
abc: VectorVar3(0.000, 0.000, 0.000)
abc: VectorVar3(0.000, 0.000, 0.000)
abc: VectorVar3(0.000, 0.000, 0.000)
abc: VectorVar3(0.000, 0.000, 0.000)
abc: VectorVar3(0.000, 0.000, 0.000)
abc: VectorVar3(0.000, 0.000, 0.000)
abc: VectorVar3(0.000, 0.000, 0.000)
abc: VectorVar3(0.000, 0.000, 0.000)
abc: VectorVar3(0.000, 0.000, 0.000)
abc: VectorVar3(0.000, 0.000, 0.000)
abc: VectorVar3(0.000, 0.000, 0.000)
abc: VectorVar3(0.000, 0.000, 0.000)
abc: VectorVar3(0.000, 0.000, 0.000)
abc: VectorVar3(0.000, 0.000, 0.000)
abc: VectorVar3(0.000, 0.000, 0.000)
abc: VectorVar3(0.000, 0.000, 0.000)
abc: VectorVar3(0.000, 0.000, 0.000)
abc: VectorVar3(0 + [1, 0, 0]ε, 0 + [0, 1, 0]ε, 0 + [0, 0, 1]ε)
abc: VectorVar3(0 + [1, 0, 0]ε, 0 + [0, 1, 0]ε, 0 + [0, 0, 1]ε)
abc: VectorVar3(0 + [1, 0, 0]ε, 0 + [0, 1, 0]ε, 0 + [0, 0, 1]ε)
abc: VectorVar3(0 + [1, 0, 0]ε, 0 + [0, 1, 0]ε, 0 + [0, 0, 1]ε)
abc: VectorVar3(0 + [1, 0, 0]ε, 0 + [0, 1, 0]ε, 0 + [0, 0, 1]ε)
abc: VectorVar3(0 + [1, 0, 0]ε, 0 + [0, 1, 0]ε, 0 + [0, 0, 1]ε)
abc: VectorVar3(0 + [1, 0, 0]ε, 0 + [0, 1, 0]ε, 0 + [0, 0, 1]ε)
abc: VectorVar3(0 + [1, 0, 0]ε, 0 + [0, 1, 0]ε, 0 + [0, 0, 1]ε)
abc: VectorVar3(0 + [1, 0, 0]ε, 0 + [0, 1, 0]ε, 0 + [0, 0, 1]ε)
abc: VectorVar3(0 + [1, 0, 0]ε, 0 + [0, 1, 0]ε, 0 + [0, 0, 1]ε)
abc: VectorVar3(0 + [1, 0, 0]ε, 0 + [0, 1, 0]ε, 0 + [0, 0, 1]ε)
abc: VectorVar3(0 + [1, 0, 0]ε, 0 + [0, 1, 0]ε, 0 + [0, 0, 1]ε)
abc: VectorVar3(0 + [1, 0, 0]ε, 0 + [0, 1, 0]ε, 0 + [0, 0, 1]ε)
abc: VectorVar3(0 + [1, 0, 0]ε, 0 + [0, 1, 0]ε, 0 + [0, 0, 1]ε)
abc: VectorVar3(0 + [1, 0, 0]ε, 0 + [0, 1, 0]ε, 0 + [0, 0, 1]ε)
abc: VectorVar3(0 + [1, 0, 0]ε, 0 + [0, 1, 0]ε, 0 + [0, 0, 1]ε)
abc: VectorVar3(0 + [1, 0, 0]ε, 0 + [0, 1, 0]ε, 0 + [0, 0, 1]ε)
abc: VectorVar3(0 + [1, 0, 0]ε, 0 + [0, 1, 0]ε, 0 + [0, 0, 1]ε)
abc: VectorVar3(0 + [1, 0, 0]ε, 0 + [0, 1, 0]ε, 0 + [0, 0, 1]ε)
abc: VectorVar3(0 + [1, 0, 0]ε, 0 + [0, 1, 0]ε, 0 + [0, 0, 1]ε)
abc: VectorVar3(0 + [1, 0, 0]ε, 0 + [0, 1, 0]ε, 0 + [0, 0, 1]ε)
abc: VectorVar3(0 + [1, 0, 0]ε, 0 + [0, 1, 0]ε, 0 + [0, 0, 1]ε)
abc: VectorVar3(0 + [1, 0, 0]ε, 0 + [0, 1, 0]ε, 0 + [0, 0, 1]ε)
abc: VectorVar3(0 + [1, 0, 0]ε, 0 + [0, 1, 0]ε, 0 + [0, 0, 1]ε)
abc: VectorVar3(0 + [1, 0, 0]ε, 0 + [0, 1, 0]ε, 0 + [0, 0, 1]ε)
abc: VectorVar3(0 + [1, 0, 0]ε, 0 + [0, 1, 0]ε, 0 + [0, 0, 1]ε)
abc: VectorVar3(0 + [1, 0, 0]ε, 0 + [0, 1, 0]ε, 0 + [0, 0, 1]ε)
abc: VectorVar3(0 + [1, 0, 0]ε, 0 + [0, 1, 0]ε, 0 + [0, 0, 1]ε)
abc: VectorVar3(0 + [1, 0, 0]ε, 0 + [0, 1, 0]ε, 0 + [0, 0, 1]ε)
abc: VectorVar3(0 + [1, 0, 0]ε, 0 + [0, 1, 0]ε, 0 + [0, 0, 1]ε)
abc: VectorVar3(0 + [1, 0, 0]ε, 0 + [0, 1, 0]ε, 0 + [0, 0, 1]ε)
abc: VectorVar3(0 + [1, 0, 0]ε, 0 + [0, 1, 0]ε, 0 + [0, 0, 1]ε)
abc: VectorVar3(0 + [1, 0, 0]ε, 0 + [0, 1, 0]ε, 0 + [0, 0, 1]ε)
abc: VectorVar3(0 + [1, 0, 0]ε, 0 + [0, 1, 0]ε, 0 + [0, 0, 1]ε)
abc: VectorVar3(0 + [1, 0, 0]ε, 0 + [0, 1, 0]ε, 0 + [0, 0, 1]ε)
abc: VectorVar3(0 + [1, 0, 0]ε, 0 + [0, 1, 0]ε, 0 + [0, 0, 1]ε)
abc: VectorVar3(0 + [1, 0, 0]ε, 0 + [0, 1, 0]ε, 0 + [0, 0, 1]ε)
abc: VectorVar3(0 + [1, 0, 0]ε, 0 + [0, 1, 0]ε, 0 + [0, 0, 1]ε)
abc: VectorVar3(0 + [1, 0, 0]ε, 0 + [0, 1, 0]ε, 0 + [0, 0, 1]ε)
abc: VectorVar3(0 + [1, 0, 0]ε, 0 + [0, 1, 0]ε, 0 + [0, 0, 1]ε)
abc: VectorVar3(0 + [1, 0, 0]ε, 0 + [0, 1, 0]ε, 0 + [0, 0, 1]ε)
abc: VectorVar3(0 + [1, 0, 0]ε, 0 + [0, 1, 0]ε, 0 + [0, 0, 1]ε)
abc: VectorVar3(0 + [1, 0, 0]ε, 0 + [0, 1, 0]ε, 0 + [0, 0, 1]ε)
abc: VectorVar3(0 + [1, 0, 0]ε, 0 + [0, 1, 0]ε, 0 + [0, 0, 1]ε)
abc: VectorVar3(0 + [1, 0, 0]ε, 0 + [0, 1, 0]ε, 0 + [0, 0, 1]ε)
abc: VectorVar3(0 + [1, 0, 0]ε, 0 + [0, 1, 0]ε, 0 + [0, 0, 1]ε)
abc: VectorVar3(0 + [1, 0, 0]ε, 0 + [0, 1, 0]ε, 0 + [0, 0, 1]ε)
abc: VectorVar3(0 + [1, 0, 0]ε, 0 + [0, 1, 0]ε, 0 + [0, 0, 1]ε)
abc: VectorVar3(0 + [1, 0, 0]ε, 0 + [0, 1, 0]ε, 0 + [0, 0, 1]ε)
abc: VectorVar3(0 + [1, 0, 0]ε, 0 + [0, 1, 0]ε, 0 + [0, 0, 1]ε)
abc: VectorVar3(0 + [1, 0, 0]ε, 0 + [0, 1, 0]ε, 0 + [0, 0, 1]ε)
abc: VectorVar3(0 + [1, 0, 0]ε, 0 + [0, 1, 0]ε, 0 + [0, 0, 1]ε)
abc: VectorVar3(0 + [1, 0, 0]ε, 0 + [0, 1, 0]ε, 0 + [0, 0, 1]ε)
abc: VectorVar3(0 + [1, 0, 0]ε, 0 + [0, 1, 0]ε, 0 + [0, 0, 1]ε)
abc: VectorVar3(0 + [1, 0, 0]ε, 0 + [0, 1, 0]ε, 0 + [0, 0, 1]ε)
abc: VectorVar3(0 + [1, 0, 0]ε, 0 + [0, 1, 0]ε, 0 + [0, 0, 1]ε)
abc: VectorVar3(0 + [1, 0, 0]ε, 0 + [0, 1, 0]ε, 0 + [0, 0, 1]ε)
abc: VectorVar3(0 + [1, 0, 0]ε, 0 + [0, 1, 0]ε, 0 + [0, 0, 1]ε)
abc: VectorVar3(0 + [1, 0, 0]ε, 0 + [0, 1, 0]ε, 0 + [0, 0, 1]ε)
abc: VectorVar3(0 + [1, 0, 0]ε, 0 + [0, 1, 0]ε, 0 + [0, 0, 1]ε)
abc: VectorVar3(0 + [1, 0, 0]ε, 0 + [0, 1, 0]ε, 0 + [0, 0, 1]ε)
abc: VectorVar3(0 + [1, 0, 0]ε, 0 + [0, 1, 0]ε, 0 + [0, 0, 1]ε)
abc: VectorVar3(0 + [1, 0, 0]ε, 0 + [0, 1, 0]ε, 0 + [0, 0, 1]ε)
abc: VectorVar3(0 + [1, 0, 0]ε, 0 + [0, 1, 0]ε, 0 + [0, 0, 1]ε)
abc: VectorVar3(0 + [1, 0, 0]ε, 0 + [0, 1, 0]ε, 0 + [0, 0, 1]ε)
abc: VectorVar3(0 + [1, 0, 0]ε, 0 + [0, 1, 0]ε, 0 + [0, 0, 1]ε)
abc: VectorVar3(0 + [1, 0, 0]ε, 0 + [0, 1, 0]ε, 0 + [0, 0, 1]ε)
abc: VectorVar3(0 + [1, 0, 0]ε, 0 + [0, 1, 0]ε, 0 + [0, 0, 1]ε)
abc: VectorVar3(0 + [1, 0, 0]ε, 0 + [0, 1, 0]ε, 0 + [0, 0, 1]ε)
abc: VectorVar3(0 + [1, 0, 0]ε, 0 + [0, 1, 0]ε, 0 + [0, 0, 1]ε)
abc: VectorVar3(0 + [1, 0, 0]ε, 0 + [0, 1, 0]ε, 0 + [0, 0, 1]ε)
abc: VectorVar3(0 + [1, 0, 0]ε, 0 + [0, 1, 0]ε, 0 + [0, 0, 1]ε)
abc: VectorVar3(0 + [1, 0, 0]ε, 0 + [0, 1, 0]ε, 0 + [0, 0, 1]ε)
abc: VectorVar3(0 + [1, 0, 0]ε, 0 + [0, 1, 0]ε, 0 + [0, 0, 1]ε)
abc: VectorVar3(0 + [1, 0, 0]ε, 0 + [0, 1, 0]ε, 0 + [0, 0, 1]ε)
abc: VectorVar3(0 + [1, 0, 0]ε, 0 + [0, 1, 0]ε, 0 + [0, 0, 1]ε)
abc: VectorVar3(0 + [1, 0, 0]ε, 0 + [0, 1, 0]ε, 0 + [0, 0, 1]ε)
abc: VectorVar3(0 + [1, 0, 0]ε, 0 + [0, 1, 0]ε, 0 + [0, 0, 1]ε)
abc: VectorVar3(0 + [1, 0, 0]ε, 0 + [0, 1, 0]ε, 0 + [0, 0, 1]ε)
abc: VectorVar3(0 + [1, 0, 0]ε, 0 + [0, 1, 0]ε, 0 + [0, 0, 1]ε)
abc: VectorVar3(0 + [1, 0, 0]ε, 0 + [0, 1, 0]ε, 0 + [0, 0, 1]ε)
abc: VectorVar3(0 + [1, 0, 0]ε, 0 + [0, 1, 0]ε, 0 + [0, 0, 1]ε)
abc: VectorVar3(0 + [1, 0, 0]ε, 0 + [0, 1, 0]ε, 0 + [0, 0, 1]ε)
abc: VectorVar3(0 + [1, 0, 0]ε, 0 + [0, 1, 0]ε, 0 + [0, 0, 1]ε)
abc: VectorVar3(0 + [1, 0, 0]ε, 0 + [0, 1, 0]ε, 0 + [0, 0, 1]ε)
abc: VectorVar3(0 + [1, 0, 0]ε, 0 + [0, 1, 0]ε, 0 + [0, 0, 1]ε)
abc: VectorVar3(0 + [1, 0, 0]ε, 0 + [0, 1, 0]ε, 0 + [0, 0, 1]ε)
abc: VectorVar3(0 + [1, 0, 0]ε, 0 + [0, 1, 0]ε, 0 + [0, 0, 1]ε)
abc: VectorVar3(0 + [1, 0, 0]ε, 0 + [0, 1, 0]ε, 0 + [0, 0, 1]ε)
abc: VectorVar3(0 + [1, 0, 0]ε, 0 + [0, 1, 0]ε, 0 + [0, 0, 1]ε)
abc: VectorVar3(0 + [1, 0, 0]ε, 0 + [0, 1, 0]ε, 0 + [0, 0, 1]ε)
abc: VectorVar3(0 + [1, 0, 0]ε, 0 + [0, 1, 0]ε, 0 + [0, 0, 1]ε)
abc: VectorVar3(0 + [1, 0, 0]ε, 0 + [0, 1, 0]ε, 0 + [0, 0, 1]ε)
abc: VectorVar3(0 + [1, 0, 0]ε, 0 + [0, 1, 0]ε, 0 + [0, 0, 1]ε)
abc: VectorVar3(0 + [1, 0, 0]ε, 0 + [0, 1, 0]ε, 0 + [0, 0, 1]ε)
abc: VectorVar3(0 + [1, 0, 0]ε, 0 + [0, 1, 0]ε, 0 + [0, 0, 1]ε)
abc: VectorVar3(0 + [1, 0, 0]ε, 0 + [0, 1, 0]ε, 0 + [0, 0, 1]ε)
abc: VectorVar3(0 + [1, 0, 0]ε, 0 + [0, 1, 0]ε, 0 + [0, 0, 1]ε)
abc: VectorVar3(0 + [1, 0, 0]ε, 0 + [0, 1, 0]ε, 0 + [0, 0, 1]ε)
abc: VectorVar3(0 + [1, 0, 0]ε, 0 + [0, 1, 0]ε, 0 + [0, 0, 1]ε)
abc: VectorVar3(0 + [1, 0, 0]ε, 0 + [0, 1, 0]ε, 0 + [0, 0, 1]ε)
abc: VectorVar3(0 + [1, 0, 0]ε, 0 + [0, 1, 0]ε, 0 + [0, 0, 1]ε)
abc: VectorVar3(0 + [1, 0, 0]ε, 0 + [0, 1, 0]ε, 0 + [0, 0, 1]ε)
abc: VectorVar3(0 + [1, 0, 0]ε, 0 + [0, 1, 0]ε, 0 + [0, 0, 1]ε)
abc: VectorVar3(0 + [1, 0, 0]ε, 0 + [0, 1, 0]ε, 0 + [0, 0, 1]ε)
abc: VectorVar3(0 + [1, 0, 0]ε, 0 + [0, 1, 0]ε, 0 + [0, 0, 1]ε)
abc: VectorVar3(0 + [1, 0, 0]ε, 0 + [0, 1, 0]ε, 0 + [0, 0, 1]ε)
abc: VectorVar3(0 + [1, 0, 0]ε, 0 + [0, 1, 0]ε, 0 + [0, 0, 1]ε)
abc: VectorVar3(0 + [1, 0, 0]ε, 0 + [0, 1, 0]ε, 0 + [0, 0, 1]ε)
abc: VectorVar3(0 + [1, 0, 0]ε, 0 + [0, 1, 0]ε, 0 + [0, 0, 1]ε)
abc: VectorVar3(0 + [1, 0, 0]ε, 0 + [0, 1, 0]ε, 0 + [0, 0, 1]ε)
abc: VectorVar3(0 + [1, 0, 0]ε, 0 + [0, 1, 0]ε, 0 + [0, 0, 1]ε)
abc: VectorVar3(0 + [1, 0, 0]ε, 0 + [0, 1, 0]ε, 0 + [0, 0, 1]ε)
abc: VectorVar3(0 + [1, 0, 0]ε, 0 + [0, 1, 0]ε, 0 + [0, 0, 1]ε)
abc: VectorVar3(0 + [1, 0, 0]ε, 0 + [0, 1, 0]ε, 0 + [0, 0, 1]ε)
abc: VectorVar3(0 + [1, 0, 0]ε, 0 + [0, 1, 0]ε, 0 + [0, 0, 1]ε)
abc: VectorVar3(0 + [1, 0, 0]ε, 0 + [0, 1, 0]ε, 0 + [0, 0, 1]ε)
abc: VectorVar3(0 + [1, 0, 0]ε, 0 + [0, 1, 0]ε, 0 + [0, 0, 1]ε)
abc: VectorVar3(0 + [1, 0, 0]ε, 0 + [0, 1, 0]ε, 0 + [0, 0, 1]ε)
abc: VectorVar3(0 + [1, 0, 0]ε, 0 + [0, 1, 0]ε, 0 + [0, 0, 1]ε)
abc: VectorVar3(0 + [1, 0, 0]ε, 0 + [0, 1, 0]ε, 0 + [0, 0, 1]ε)
abc: VectorVar3(0 + [1, 0, 0]ε, 0 + [0, 1, 0]ε, 0 + [0, 0, 1]ε)
abc: VectorVar3(0 + [1, 0, 0]ε, 0 + [0, 1, 0]ε, 0 + [0, 0, 1]ε)
abc: VectorVar3(0 + [1, 0, 0]ε, 0 + [0, 1, 0]ε, 0 + [0, 0, 1]ε)
abc: VectorVar3(0 + [1, 0, 0]ε, 0 + [0, 1, 0]ε, 0 + [0, 0, 1]ε)
abc: VectorVar3(0 + [1, 0, 0]ε, 0 + [0, 1, 0]ε, 0 + [0, 0, 1]ε)
abc: VectorVar3(0 + [1, 0, 0]ε, 0 + [0, 1, 0]ε, 0 + [0, 0, 1]ε)
abc: VectorVar3(0 + [1, 0, 0]ε, 0 + [0, 1, 0]ε, 0 + [0, 0, 1]ε)
abc: VectorVar3(0 + [1, 0, 0]ε, 0 + [0, 1, 0]ε, 0 + [0, 0, 1]ε)
abc: VectorVar3(0 + [1, 0, 0]ε, 0 + [0, 1, 0]ε, 0 + [0, 0, 1]ε)
abc: VectorVar3(0 + [1, 0, 0]ε, 0 + [0, 1, 0]ε, 0 + [0, 0, 1]ε)
abc: VectorVar3(0 + [1, 0, 0]ε, 0 + [0, 1, 0]ε, 0 + [0, 0, 1]ε)
abc: VectorVar3(0 + [1, 0, 0]ε, 0 + [0, 1, 0]ε, 0 + [0, 0, 1]ε)
abc: VectorVar3(0 + [1, 0, 0]ε, 0 + [0, 1, 0]ε, 0 + [0, 0, 1]ε)
abc: VectorVar3(0 + [1, 0, 0]ε, 0 + [0, 1, 0]ε, 0 + [0, 0, 1]ε)
abc: VectorVar3(0 + [1, 0, 0]ε, 0 + [0, 1, 0]ε, 0 + [0, 0, 1]ε)
abc: VectorVar3(0 + [1, 0, 0]ε, 0 + [0, 1, 0]ε, 0 + [0, 0, 1]ε)
abc: VectorVar3(0 + [1, 0, 0]ε, 0 + [0, 1, 0]ε, 0 + [0, 0, 1]ε)
abc: VectorVar3(0 + [1, 0, 0]ε, 0 + [0, 1, 0]ε, 0 + [0, 0, 1]ε)
abc: VectorVar3(0 + [1, 0, 0]ε, 0 + [0, 1, 0]ε, 0 + [0, 0, 1]ε)
abc: VectorVar3(0 + [1, 0, 0]ε, 0 + [0, 1, 0]ε, 0 + [0, 0, 1]ε)
abc: VectorVar3(0 + [1, 0, 0]ε, 0 + [0, 1, 0]ε, 0 + [0, 0, 1]ε)
abc: VectorVar3(0 + [1, 0, 0]ε, 0 + [0, 1, 0]ε, 0 + [0, 0, 1]ε)
abc: VectorVar3(0 + [1, 0, 0]ε, 0 + [0, 1, 0]ε, 0 + [0, 0, 1]ε)
abc: VectorVar3(0 + [1, 0, 0]ε, 0 + [0, 1, 0]ε, 0 + [0, 0, 1]ε)
abc: VectorVar3(0 + [1, 0, 0]ε, 0 + [0, 1, 0]ε, 0 + [0, 0, 1]ε)
abc: VectorVar3(0 + [1, 0, 0]ε, 0 + [0, 1, 0]ε, 0 + [0, 0, 1]ε)
abc: VectorVar3(0 + [1, 0, 0]ε, 0 + [0, 1, 0]ε, 0 + [0, 0, 1]ε)
abc: VectorVar3(0 + [1, 0, 0]ε, 0 + [0, 1, 0]ε, 0 + [0, 0, 1]ε)
abc: VectorVar3(0 + [1, 0, 0]ε, 0 + [0, 1, 0]ε, 0 + [0, 0, 1]ε)
abc: VectorVar3(0 + [1, 0, 0]ε, 0 + [0, 1, 0]ε, 0 + [0, 0, 1]ε)
abc: VectorVar3(0 + [1, 0, 0]ε, 0 + [0, 1, 0]ε, 0 + [0, 0, 1]ε)
abc: VectorVar3(0 + [1, 0, 0]ε, 0 + [0, 1, 0]ε, 0 + [0, 0, 1]ε)
abc: VectorVar3(0 + [1, 0, 0]ε, 0 + [0, 1, 0]ε, 0 + [0, 0, 1]ε)
abc: VectorVar3(0 + [1, 0, 0]ε, 0 + [0, 1, 0]ε, 0 + [0, 0, 1]ε)
abc: VectorVar3(0 + [1, 0, 0]ε, 0 + [0, 1, 0]ε, 0 + [0, 0, 1]ε)
abc: VectorVar3(0 + [1, 0, 0]ε, 0 + [0, 1, 0]ε, 0 + [0, 0, 1]ε)
abc: VectorVar3(0 + [1, 0, 0]ε, 0 + [0, 1, 0]ε, 0 + [0, 0, 1]ε)
abc: VectorVar3(0 + [1, 0, 0]ε, 0 + [0, 1, 0]ε, 0 + [0, 0, 1]ε)
abc: VectorVar3(0 + [1, 0, 0]ε, 0 + [0, 1, 0]ε, 0 + [0, 0, 1]ε)
abc: VectorVar3(0 + [1, 0, 0]ε, 0 + [0, 1, 0]ε, 0 + [0, 0, 1]ε)
abc: VectorVar3(0 + [1, 0, 0]ε, 0 + [0, 1, 0]ε, 0 + [0, 0, 1]ε)
abc: VectorVar3(0 + [1, 0, 0]ε, 0 + [0, 1, 0]ε, 0 + [0, 0, 1]ε)
abc: VectorVar3(0 + [1, 0, 0]ε, 0 + [0, 1, 0]ε, 0 + [0, 0, 1]ε)
abc: VectorVar3(0 + [1, 0, 0]ε, 0 + [0, 1, 0]ε, 0 + [0, 0, 1]ε)
abc: VectorVar3(0 + [1, 0, 0]ε, 0 + [0, 1, 0]ε, 0 + [0, 0, 1]ε)
abc: VectorVar3(0 + [1, 0, 0]ε, 0 + [0, 1, 0]ε, 0 + [0, 0, 1]ε)
abc: VectorVar3(0 + [1, 0, 0]ε, 0 + [0, 1, 0]ε, 0 + [0, 0, 1]ε)
abc: VectorVar3(0 + [1, 0, 0]ε, 0 + [0, 1, 0]ε, 0 + [0, 0, 1]ε)
abc: VectorVar3(0 + [1, 0, 0]ε, 0 + [0, 1, 0]ε, 0 + [0, 0, 1]ε)
abc: VectorVar3(0 + [1, 0, 0]ε, 0 + [0, 1, 0]ε, 0 + [0, 0, 1]ε)
abc: VectorVar3(0 + [1, 0, 0]ε, 0 + [0, 1, 0]ε, 0 + [0, 0, 1]ε)
abc: VectorVar3(0 + [1, 0, 0]ε, 0 + [0, 1, 0]ε, 0 + [0, 0, 1]ε)
abc: VectorVar3(0 + [1, 0, 0]ε, 0 + [0, 1, 0]ε, 0 + [0, 0, 1]ε)
abc: VectorVar3(0 + [1, 0, 0]ε, 0 + [0, 1, 0]ε, 0 + [0, 0, 1]ε)
abc: VectorVar3(0 + [1, 0, 0]ε, 0 + [0, 1, 0]ε, 0 + [0, 0, 1]ε)
abc: VectorVar3(0 + [1, 0, 0]ε, 0 + [0, 1, 0]ε, 0 + [0, 0, 1]ε)
abc: VectorVar3(0 + [1, 0, 0]ε, 0 + [0, 1, 0]ε, 0 + [0, 0, 1]ε)
abc: VectorVar3(0 + [1, 0, 0]ε, 0 + [0, 1, 0]ε, 0 + [0, 0, 1]ε)
abc: VectorVar3(0 + [1, 0, 0]ε, 0 + [0, 1, 0]ε, 0 + [0, 0, 1]ε)
abc: VectorVar3(0 + [1, 0, 0]ε, 0 + [0, 1, 0]ε, 0 + [0, 0, 1]ε)
abc: VectorVar3(0 + [1, 0, 0]ε, 0 + [0, 1, 0]ε, 0 + [0, 0, 1]ε)
abc: VectorVar3(0 + [1, 0, 0]ε, 0 + [0, 1, 0]ε, 0 + [0, 0, 1]ε)
abc: VectorVar3(0 + [1, 0, 0]ε, 0 + [0, 1, 0]ε, 0 + [0, 0, 1]ε)
abc: VectorVar3(0 + [1, 0, 0]ε, 0 + [0, 1, 0]ε, 0 + [0, 0, 1]ε)
abc: VectorVar3(0 + [1, 0, 0]ε, 0 + [0, 1, 0]ε, 0 + [0, 0, 1]ε)
abc: VectorVar3(0 + [1, 0, 0]ε, 0 + [0, 1, 0]ε, 0 + [0, 0, 1]ε)
abc: VectorVar3(0 + [1, 0, 0]ε, 0 + [0, 1, 0]ε, 0 + [0, 0, 1]ε)
abc: VectorVar3(0 + [1, 0, 0]ε, 0 + [0, 1, 0]ε, 0 + [0, 0, 1]ε)
abc: VectorVar3(0 + [1, 0, 0]ε, 0 + [0, 1, 0]ε, 0 + [0, 0, 1]ε)
abc: VectorVar3(0 + [1, 0, 0]ε, 0 + [0, 1, 0]ε, 0 + [0, 0, 1]ε)
abc: VectorVar3(0 + [1, 0, 0]ε, 0 + [0, 1, 0]ε, 0 + [0, 0, 1]ε)
abc: VectorVar3(0 + [1, 0, 0]ε, 0 + [0, 1, 0]ε, 0 + [0, 0, 1]ε)
abc: VectorVar3(-17.451, 157.103, 321.243)
abc: VectorVar3(-17.451, 157.103, 321.243)
abc: VectorVar3(-17.451, 157.103, 321.243)
abc: VectorVar3(-17.451, 157.103, 321.243)
abc: VectorVar3(-17.451, 157.103, 321.243)
abc: VectorVar3(-17.451, 157.103, 321.243)
abc: VectorVar3(-17.451, 157.103, 321.243)
abc: VectorVar3(-17.451, 157.103, 321.243)
abc: VectorVar3(-17.451, 157.103, 321.243)
abc: VectorVar3(-17.451, 157.103, 321.243)
abc: VectorVar3(-17.451, 157.103, 321.243)
abc: VectorVar3(-17.451, 157.103, 321.243)
abc: VectorVar3(-17.451, 157.103, 321.243)
abc: VectorVar3(-17.451, 157.103, 321.243)
abc: VectorVar3(-17.451, 157.103, 321.243)
abc: VectorVar3(-17.451, 157.103, 321.243)
abc: VectorVar3(-17.451, 157.103, 321.243)
abc: VectorVar3(-17.451, 157.103, 321.243)
abc: VectorVar3(-17.451, 157.103, 321.243)
abc: VectorVar3(-17.451, 157.103, 321.243)
abc: VectorVar3(-17.451, 157.103, 321.243)
abc: VectorVar3(-17.451, 157.103, 321.243)
abc: VectorVar3(-17.451, 157.103, 321.243)
abc: VectorVar3(-17.451, 157.103, 321.243)
abc: VectorVar3(-17.451, 157.103, 321.243)
abc: VectorVar3(-17.451, 157.103, 321.243)
abc: VectorVar3(-17.451, 157.103, 321.243)
abc: VectorVar3(-17.451, 157.103, 321.243)
abc: VectorVar3(-17.451, 157.103, 321.243)
abc: VectorVar3(-17.451, 157.103, 321.243)
abc: VectorVar3(-17.451, 157.103, 321.243)
abc: VectorVar3(-17.451, 157.103, 321.243)
abc: VectorVar3(-17.451, 157.103, 321.243)
abc: VectorVar3(-17.451, 157.103, 321.243)
abc: VectorVar3(-17.451, 157.103, 321.243)
abc: VectorVar3(-17.451, 157.103, 321.243)
abc: VectorVar3(-17.451, 157.103, 321.243)
abc: VectorVar3(-17.451, 157.103, 321.243)
abc: VectorVar3(-17.451, 157.103, 321.243)
abc: VectorVar3(-17.451, 157.103, 321.243)
abc: VectorVar3(-17.451, 157.103, 321.243)
abc: VectorVar3(-17.451, 157.103, 321.243)
abc: VectorVar3(-17.451, 157.103, 321.243)
abc: VectorVar3(-17.451, 157.103, 321.243)
abc: VectorVar3(-17.451, 157.103, 321.243)
abc: VectorVar3(-17.451, 157.103, 321.243)
abc: VectorVar3(-17.451, 157.103, 321.243)
abc: VectorVar3(-17.451, 157.103, 321.243)
abc: VectorVar3(-17.451, 157.103, 321.243)
abc: VectorVar3(-17.451, 157.103, 321.243)
abc: VectorVar3(-17.451, 157.103, 321.243)
abc: VectorVar3(-17.451, 157.103, 321.243)
abc: VectorVar3(-17.451, 157.103, 321.243)
abc: VectorVar3(-17.451, 157.103, 321.243)
abc: VectorVar3(-17.451, 157.103, 321.243)
abc: VectorVar3(-17.451, 157.103, 321.243)
abc: VectorVar3(-17.451, 157.103, 321.243)
abc: VectorVar3(-17.451, 157.103, 321.243)
abc: VectorVar3(-17.451, 157.103, 321.243)
abc: VectorVar3(-17.451, 157.103, 321.243)
abc: VectorVar3(-17.451, 157.103, 321.243)
abc: VectorVar3(-17.451, 157.103, 321.243)
abc: VectorVar3(-17.451, 157.103, 321.243)
abc: VectorVar3(-17.451, 157.103, 321.243)
abc: VectorVar3(-17.451, 157.103, 321.243)
abc: VectorVar3(-17.451, 157.103, 321.243)
abc: VectorVar3(-17.451, 157.103, 321.243)
abc: VectorVar3(-17.451, 157.103, 321.243)
abc: VectorVar3(-17.451, 157.103, 321.243)
abc: VectorVar3(-17.451, 157.103, 321.243)
abc: VectorVar3(-17.451, 157.103, 321.243)
abc: VectorVar3(-17.451, 157.103, 321.243)
abc: VectorVar3(-17.451, 157.103, 321.243)
abc: VectorVar3(-17.451, 157.103, 321.243)
abc: VectorVar3(-17.451, 157.103, 321.243)
abc: VectorVar3(-17.451, 157.103, 321.243)
abc: VectorVar3(-17.451, 157.103, 321.243)
abc: VectorVar3(-17.451, 157.103, 321.243)
abc: VectorVar3(-17.451, 157.103, 321.243)
abc: VectorVar3(-17.451, 157.103, 321.243)
abc: VectorVar3(-17.451, 157.103, 321.243)
abc: VectorVar3(-17.451, 157.103, 321.243)
abc: VectorVar3(-17.451, 157.103, 321.243)
abc: VectorVar3(-17.451, 157.103, 321.243)
abc: VectorVar3(-17.451, 157.103, 321.243)
abc: VectorVar3(-17.451, 157.103, 321.243)
abc: VectorVar3(-17.451, 157.103, 321.243)
abc: VectorVar3(-17.451, 157.103, 321.243)
abc: VectorVar3(-17.451, 157.103, 321.243)
abc: VectorVar3(-17.451, 157.103, 321.243)
abc: VectorVar3(-17.451, 157.103, 321.243)
abc: VectorVar3(-17.451, 157.103, 321.243)
abc: VectorVar3(-17.451, 157.103, 321.243)
abc: VectorVar3(-17.451, 157.103, 321.243)
abc: VectorVar3(-17.451, 157.103, 321.243)
abc: VectorVar3(-17.451, 157.103, 321.243)
abc: VectorVar3(-17.451, 157.103, 321.243)
abc: VectorVar3(-17.451, 157.103, 321.243)
abc: VectorVar3(-17.451, 157.103, 321.243)
abc: VectorVar3(-17.451, 157.103, 321.243)
abc: VectorVar3(-17.451, 157.103, 321.243)
abc: VectorVar3(-17.451, 157.103, 321.243)
abc: VectorVar3(-17.451, 157.103, 321.243)
abc: VectorVar3(-17.451, 157.103, 321.243)
abc: VectorVar3(-17.451, 157.103, 321.243)
abc: VectorVar3(-17.451, 157.103, 321.243)
abc: VectorVar3(-17.451, 157.103, 321.243)
abc: VectorVar3(-17.451, 157.103, 321.243)
abc: VectorVar3(-17.451, 157.103, 321.243)
abc: VectorVar3(-17.451, 157.103, 321.243)
abc: VectorVar3(-17.451, 157.103, 321.243)
abc: VectorVar3(-17.451, 157.103, 321.243)
abc: VectorVar3(-17.451, 157.103, 321.243)
abc: VectorVar3(-17.451, 157.103, 321.243)
abc: VectorVar3(-17.451, 157.103, 321.243)
abc: VectorVar3(-17.451, 157.103, 321.243)
abc: VectorVar3(-17.451, 157.103, 321.243)
abc: VectorVar3(-17.451, 157.103, 321.243)
abc: VectorVar3(-17.451, 157.103, 321.243)
abc: VectorVar3(-17.451, 157.103, 321.243)
abc: VectorVar3(-17.451, 157.103, 321.243)
abc: VectorVar3(-17.451, 157.103, 321.243)
abc: VectorVar3(-17.451, 157.103, 321.243)
abc: VectorVar3(-17.451, 157.103, 321.243)
abc: VectorVar3(-17.451, 157.103, 321.243)
abc: VectorVar3(-17.451, 157.103, 321.243)
abc: VectorVar3(-17.451, 157.103, 321.243)
abc: VectorVar3(-17.451, 157.103, 321.243)
abc: VectorVar3(-17.451, 157.103, 321.243)
abc: VectorVar3(-17.451, 157.103, 321.243)
abc: VectorVar3(-17.451, 157.103, 321.243)
abc: VectorVar3(-17.451, 157.103, 321.243)
abc: VectorVar3(-17.451, 157.103, 321.243)
abc: VectorVar3(-17.451, 157.103, 321.243)
abc: VectorVar3(-17.451, 157.103, 321.243)
abc: VectorVar3(-17.451, 157.103, 321.243)
abc: VectorVar3(-17.451, 157.103, 321.243)
abc: VectorVar3(-17.451, 157.103, 321.243)
abc: VectorVar3(-17.451, 157.103, 321.243)
abc: VectorVar3(-17.451, 157.103, 321.243)
abc: VectorVar3(-17.451, 157.103, 321.243)
abc: VectorVar3(-17.451, 157.103, 321.243)
abc: VectorVar3(-17.451, 157.103, 321.243)
abc: VectorVar3(-17.451, 157.103, 321.243)
abc: VectorVar3(-17.451, 157.103, 321.243)
abc: VectorVar3(-17.451, 157.103, 321.243)
abc: VectorVar3(-17.451, 157.103, 321.243)
abc: VectorVar3(-17.451, 157.103, 321.243)
abc: VectorVar3(-17.451, 157.103, 321.243)
abc: VectorVar3(-17.451, 157.103, 321.243)
abc: VectorVar3(-17.451, 157.103, 321.243)
abc: VectorVar3(-17.451, 157.103, 321.243)
abc: VectorVar3(-17.451, 157.103, 321.243)
abc: VectorVar3(-17.451, 157.103, 321.243)
abc: VectorVar3(-17.451, 157.103, 321.243)
abc: VectorVar3(-17.451, 157.103, 321.243)
abc: VectorVar3(-17.451, 157.103, 321.243)
abc: VectorVar3(-17.451, 157.103, 321.243)
abc: VectorVar3(-17.451, 157.103, 321.243)
abc: VectorVar3(-17.451, 157.103, 321.243)
abc: VectorVar3(-17.451, 157.103, 321.243)
abc: VectorVar3(-17.451, 157.103, 321.243)
abc: VectorVar3(-17.451, 157.103, 321.243)
abc: VectorVar3(-17.451, 157.103, 321.243)
abc: VectorVar3(-17.451, 157.103, 321.243)
abc: VectorVar3(-17.451, 157.103, 321.243)
abc: VectorVar3(-17.451, 157.103, 321.243)
abc: VectorVar3(-17.451, 157.103, 321.243)
abc: VectorVar3(-17.451, 157.103, 321.243)
abc: VectorVar3(-17.451, 157.103, 321.243)
abc: VectorVar3(-17.451, 157.103, 321.243)
abc: VectorVar3(-17.451, 157.103, 321.243)
abc: VectorVar3(-17.451, 157.103, 321.243)
abc: VectorVar3(-17.451, 157.103, 321.243)
abc: VectorVar3(-17.451, 157.103, 321.243)
abc: VectorVar3(-17.451, 157.103, 321.243)
abc: VectorVar3(-17.451, 157.103, 321.243)
abc: VectorVar3(-17.451, 157.103, 321.243)
abc: VectorVar3(-17.451, 157.103, 321.243)
abc: VectorVar3(-17.451, 157.103, 321.243)
abc: VectorVar3(-17.451, 157.103, 321.243)
abc: VectorVar3(-17.451, 157.103, 321.243)
abc: VectorVar3(-17.451, 157.103, 321.243)
abc: VectorVar3(-17.451, 157.103, 321.243)
abc: VectorVar3(-17.451, 157.103, 321.243)
abc: VectorVar3(-17.451, 157.103, 321.243)
abc: VectorVar3(-17.451, 157.103, 321.243)
abc: VectorVar3(-17.451, 157.103, 321.243)
abc: VectorVar3(-17.451, 157.103, 321.243)
abc: VectorVar3(-17.451, 157.103, 321.243)
abc: VectorVar3(-17.451, 157.103, 321.243)
abc: VectorVar3(-17.451, 157.103, 321.243)
abc: VectorVar3(-17.451, 157.103, 321.243)
最终结果: Values {
    X0: VectorVar3(-17.451, 157.103, 321.243),
}
