提取ORB特征点耗时: 2.411084542s 秒
单层光流追踪

Keypoint 0 tracked successfully to [[589.4619724418023, 353.99193895649074]]
Keypoint 1 tracked successfully to [[563.3801856795651, 320.0330792284633]]
Keypoint 2 tracked successfully to [[519.4782717236995, 365.3175059102564]]
Keypoint 3 tracked successfully to [[305.2153885157321, 457.89762731506084]]
Keypoint 4 tracked successfully to [[394.4333922955091, 4.331576472194994]]
Keypoint 5 tracked successfully to [[477.8151881157456, 388.4276151130217]]
Keypoint 6 tracked successfully to [[556.5699074578533, 336.78430256954687]]
Keypoint 7 tracked successfully to [[450.7638607592103, 398.80598588665157]]
Keypoint 8 tracked successfully to [[524.7004557315786, 356.0660198168785]]
Keypoint 9 tracked successfully to [[509.6868602159332, 373.69667649479436]]
Keypoint 10 tracked successfully to [[643.0471739130182, 234.85810711646778]]
Keypoint 11 tracked successfully to [[459.6015601405687, 391.8996708585483]]
Keypoint 12 tracked successfully to [[453.35961737428295, 394.8412989054936]]
Keypoint 13 tracked successfully to [[578.6930263091785, 336.56114540704385]]
Keypoint 14 tracked successfully to [[449.73150868859096, 393.01641512802036]]
Keypoint 15 tracked successfully to [[454.5454293888145, 392.6020383283612]]
Keypoint 16 tracked successfully to [[467.02394385176376, 391.9497117728961]]
Keypoint 17 tracked successfully to [[479.1419174603066, 358.9965016041689]]
Keypoint 18 tracked successfully to [[617.0206458443621, 345.2932768660667]]
Keypoint 19 tracked successfully to [[507.230870030403, 364.58982431309545]]
Keypoint 20 tracked successfully to [[597.6892020070643, 356.1639612467191]]
Keypoint 21 tracked successfully to [[402.71427081646084, 415.1090219051822]]
Keypoint 22 tracked successfully to [[518.9556291199225, 367.5706481866247]]
Keypoint 23 tracked successfully to [[437.44740564051705, 408.611222714465]]
Keypoint 24 tracked successfully to [[506.6556464874886, 371.4675127990401]]
Keypoint 25 tracked successfully to [[508.748746922892, 372.52359035452616]]
Keypoint 26 tracked successfully to [[591.2262379199823, 329.0994414126519]]
Keypoint 27 tracked successfully to [[558.7763286732543, 319.7789941778015]]
Keypoint 28 tracked successfully to [[467.9107012717934, 389.86706848158474]]
Keypoint 29 tracked successfully to [[494.64393820478233, 368.49985109059975]]
Keypoint 30 tracked successfully to [[475.9496971124262, 376.0311832517225]]
Keypoint 31 tracked successfully to [[369.7836629182002, 438.0604288881003]]
Keypoint 32 tracked successfully to [[474.33862890135083, 382.05917181404556]]
Keypoint 33 tracked successfully to [[423.7767130678808, 397.57149175463405]]
Keypoint 34 tracked successfully to [[601.9109116141835, 315.3739806807566]]
Keypoint 35 tracked successfully to [[382.9140411966222, 426.45882757505706]]
Keypoint 36 tracked successfully to [[426.3981957428896, 418.37319013107054]]
Keypoint 37 tracked successfully to [[474.0760550414396, 379.99196136210765]]
Keypoint 38 tracked successfully to [[327.75815555358326, 444.84300661337056]]
Keypoint 39 tracked successfully to [[383.48782144906215, 328.02130460328704]]
Keypoint 40 tracked successfully to [[359.635372015744, 431.4494803230924]]
Keypoint 41 tracked successfully to [[294.06806793929763, 458.9200958875785]]
Keypoint 42 tracked successfully to [[527.8207502436625, 353.6136162460835]]
Keypoint 43 tracked successfully to [[371.58646109886087, 440.19993868592917]]
Keypoint 44 tracked successfully to [[498.07081235036674, 446.19707795848296]]
Keypoint 45 tracked successfully to [[420.9147739960094, 406.4605983496893]]
Keypoint 46 tracked successfully to [[582.4859399129308, 323.37854676846547]]
Keypoint 47 tracked successfully to [[592.7632182998954, 324.17175385561654]]
Keypoint 48 tracked successfully to [[523.9006703772046, 356.97643748893324]]
Keypoint 49 tracked successfully to [[531.2917144696884, 347.34113532193714]]
Keypoint 50 tracked successfully to [[476.39584136429374, 388.45276825201597]]
Keypoint 51 tracked successfully to [[561.1744588051121, 344.490380827892]]
Keypoint 52 tracked successfully to [[551.9481082256409, 314.1625262902177]]
Keypoint 53 tracked successfully to [[547.8799017619423, 309.1462639155862]]
Keypoint 54 tracked successfully to [[397.6938159954362, 408.97964716213454]]
Keypoint 55 tracked successfully to [[550.8902519449929, 349.52709929699654]]
Keypoint 56 tracked successfully to [[541.6351604019147, 361.33396060318506]]
Keypoint 57 tracked successfully to [[521.0938055509552, 355.5688227076158]]
Keypoint 58 tracked successfully to [[557.5267878991368, 352.8240313640875]]
Keypoint 59 tracked successfully to [[461.76875677257135, 397.7436043902227]]
Keypoint 60 tracked successfully to [[356.07507910049475, 441.0344633476925]]
Keypoint 61 tracked successfully to [[530.8586951452922, 353.72569483110595]]
Keypoint 62 tracked successfully to [[553.3783674750633, 340.42751887590464]]
Keypoint 63 tracked successfully to [[321.6237679059716, 452.2193817610942]]
Keypoint 64 tracked successfully to [[336.37386557505374, 462.7632153376095]]
Keypoint 65 tracked successfully to [[465.53382362879444, 396.9102463677326]]
Keypoint 66 tracked successfully to [[453.2772511775459, 393.3330108528204]]
Keypoint 67 tracked successfully to [[535.7807450484831, 358.7733637799371]]
Keypoint 68 tracked successfully to [[421.5720328826009, 410.2293812328871]]
Keypoint 69 tracked successfully to [[391.69362123477316, 416.17290312138067]]
Keypoint 70 tracked successfully to [[530.2006103102652, 354.6750277529753]]
Keypoint 71 tracked successfully to [[488.5392290805539, 386.39550824581914]]
Keypoint 72 tracked successfully to [[558.5797911926734, 341.257450073936]]
Keypoint 73 tracked successfully to [[317.2811097650872, 473.3185306514738]]
Keypoint 74 tracked successfully to [[533.9438240804193, 352.9867653274899]]
Keypoint 75 tracked successfully to [[425.29888686428944, 415.014977925185]]
Keypoint 76 tracked successfully to [[712.9879085404289, 321.89416086079274]]
Keypoint 77 tracked successfully to [[348.4913814993199, 430.53304426373825]]
Keypoint 78 tracked successfully to [[556.1168670261777, 346.7574849754164]]
Keypoint 79 tracked successfully to [[103.82926249686423, 419.0713725449812]]
Keypoint 80 tracked successfully to [[354.851879053213, 445.1885335838089]]
Keypoint 81 tracked successfully to [[363.8955480561905, 449.68810467231566]]
Keypoint 82 tracked successfully to [[276.81952284175, 467.74937033082693]]
Keypoint 83 tracked successfully to [[523.1629451864349, 356.15808571287187]]
Keypoint 84 tracked successfully to [[281.7708311614357, 468.1085381116789]]
Keypoint 85 tracked successfully to [[341.26457810701714, 449.60033841716944]]
Keypoint 86 tracked successfully to [[516.4956878370471, 370.01844241754156]]
Keypoint 87 tracked successfully to [[425.404302139921, 407.7977807970403]]
Keypoint 88 tracked successfully to [[355.44623374775216, 428.5501867109738]]
Keypoint 89 tracked successfully to [[357.02837445862576, 443.04856020055945]]
Keypoint 90 tracked successfully to [[390.73355678725807, 415.14308932895545]]
Keypoint 91 tracked successfully to [[340.3568989005979, 442.9173350094935]]
Keypoint 92 tracked successfully to [[568.0532508311222, 323.2561113735449]]
Keypoint 93 tracked successfully to [[475.61497121582516, 376.87468224939835]]
Keypoint 94 tracked successfully to [[520.3749384173885, 366.57494248504656]]
Keypoint 95 tracked successfully to [[342.39476741727265, 437.57440528141746]]
Keypoint 96 tracked successfully to [[399.8677308159328, 414.22803392950703]]
Keypoint 97 tracked successfully to [[581.824985106112, 321.1832982280594]]
Keypoint 98 tracked successfully to [[475.12620298089905, 377.1435504143295]]
Keypoint 99 tracked successfully to [[521.7906417506053, 365.6893000949571]]
Keypoint 100 tracked successfully to [[482.6969135239822, 381.57968078474636]]
Keypoint 101 tracked successfully to [[595.1162606460007, 327.618215189314]]
Keypoint 102 tracked successfully to [[456.40366319103975, 391.83422645260765]]
Keypoint 103 tracked successfully to [[508.74963764834666, 369.72788722816273]]
Keypoint 104 tracked successfully to [[469.0759925047012, 376.4077450040637]]
Keypoint 105 tracked successfully to [[599.9521695103883, 355.86094955360466]]
Keypoint 106 tracked successfully to [[416.7856375688925, 419.123199127177]]
Keypoint 107 tracked successfully to [[568.0181383170574, 328.25864181728036]]
Keypoint 108 tracked successfully to [[336.86789972184295, 441.2674625280556]]
Keypoint 109 tracked successfully to [[294.1103643144866, 467.1937760606596]]
Keypoint 110 tracked successfully to [[380.6624776389625, 433.692319056713]]
Keypoint 111 tracked successfully to [[386.17797925083073, 434.2007615745558]]
Keypoint 112 tracked successfully to [[429.5080034772461, 417.4512484676564]]
Keypoint 113 tracked successfully to [[556.8707514853437, 348.1254216047102]]
Keypoint 114 tracked successfully to [[507.39937321196885, 370.67666688158795]]
Keypoint 115 tracked successfully to [[552.5030486745326, 346.0005333623292]]
Keypoint 116 tracked successfully to [[413.589740646947, 402.04079506677954]]
Keypoint 117 tracked successfully to [[557.3489289413797, 347.06805060470066]]
Keypoint 118 tracked successfully to [[419.1212862823453, 399.4830356999067]]
Keypoint 119 tracked successfully to [[537.4284876396216, 344.3019561320854]]
Keypoint 120 tracked successfully to [[482.7143256113848, 380.5686725435043]]
Keypoint 121 tracked successfully to [[454.00431523109665, 404.7676835124708]]
Keypoint 122 tracked successfully to [[425.2503515464994, 413.9623423466732]]
Keypoint 123 tracked successfully to [[417.77019547814973, 413.0559350661815]]
Keypoint 124 tracked successfully to [[402.7198839585101, 406.86705601004326]]
Keypoint 125 tracked successfully to [[578.4129892312786, 345.2469405093139]]
Keypoint 126 tracked successfully to [[561.4753559933301, 324.3826508334568]]
Keypoint 127 tracked successfully to [[594.718871224805, 323.78135662126044]]
Keypoint 128 tracked successfully to [[515.6611709174066, 370.13505131284126]]
Keypoint 129 tracked successfully to [[334.62071934477865, 441.98376132884255]]
Keypoint 130 tracked successfully to [[319.2570278326982, 460.08218994816843]]
Keypoint 131 tracked successfully to [[486.9715605637246, 386.2153674857345]]
Keypoint 132 tracked successfully to [[415.82252221286996, 422.1362491234319]]
Keypoint 133 tracked successfully to [[631.4886099978893, 313.1874331040396]]
Keypoint 134 tracked successfully to [[557.7280486176155, 348.31951326055923]]
Keypoint 135 tracked successfully to [[475.7469903556605, 377.49188049922043]]
Keypoint 136 tracked successfully to [[523.3669933698748, 354.4876065552631]]
Keypoint 137 tracked successfully to [[412.4477924036764, 407.51148755695385]]
Keypoint 138 tracked successfully to [[346.2354161169774, 436.386883470685]]
Keypoint 139 tracked successfully to [[565.9557828956675, 324.32828152883957]]
Keypoint 140 tracked successfully to [[434.3871837553651, 409.45635374699026]]
Keypoint 141 tracked successfully to [[568.9969427985304, 329.23442940140137]]
Keypoint 142 tracked successfully to [[536.1083350085606, 356.52729734494903]]
Keypoint 143 tracked successfully to [[598.9931456645012, 353.9217939975217]]
Keypoint 144 tracked successfully to [[436.08885992640296, 408.4493238880353]]
Keypoint 145 tracked successfully to [[344.79656791574763, 436.4898010415921]]
Keypoint 146 tracked successfully to [[487.82712113081914, 378.55099629194933]]
Keypoint 147 tracked successfully to [[468.8524610154744, 389.9939436647163]]
Keypoint 148 tracked successfully to [[346.16309392908533, 452.19604138166653]]
Keypoint 149 tracked successfully to [[358.0463345553587, 414.15151685681985]]
Keypoint 150 tracked successfully to [[551.1305418393963, 317.5687892410121]]
Keypoint 151 tracked successfully to [[541.0852152532342, 341.9642076911101]]
Keypoint 152 tracked successfully to [[343.6567112268428, 436.5611178242173]]
Keypoint 153 tracked successfully to [[438.3190328370937, 413.01654488855837]]
Keypoint 154 tracked successfully to [[210.6320698564837, 466.0715190104316]]
Keypoint 155 tracked successfully to [[363.6847870936985, 421.5701599431802]]
Keypoint 156 tracked successfully to [[601.6174260458647, 329.19152383889156]]
Keypoint 157 tracked successfully to [[583.8589143494394, 327.2375654832218]]
Keypoint 158 tracked successfully to [[549.5083959959326, 346.8237043463931]]
Keypoint 159 tracked successfully to [[535.9796143046638, 357.7838466419137]]
Keypoint 160 tracked successfully to [[489.60727881349857, 387.6499530962507]]
Keypoint 161 tracked successfully to [[409.84410747082893, 409.5243569860606]]
Keypoint 162 tracked successfully to [[363.7142831349486, 422.0879019345877]]
Keypoint 163 tracked successfully to [[503.3807781087717, 282.8559937389992]]
Keypoint 164 tracked successfully to [[562.083606124788, 325.76445544282245]]
Keypoint 165 tracked successfully to [[357.5309101663823, 440.60169165284185]]
Keypoint 166 tracked successfully to [[271.63645775427875, 485.0754723437636]]
Keypoint 167 tracked successfully to [[78.40241177755478, 353.69825149350396]]
Keypoint 168 tracked successfully to [[595.0819400198064, 353.4141577044695]]
Keypoint 169 tracked successfully to [[500.69017677779163, 363.45246439473374]]
Keypoint 170 tracked successfully to [[488.76292441184387, 386.25333807433674]]
Keypoint 171 tracked successfully to [[521.5367874155489, 358.09179845188874]]
Keypoint 172 tracked successfully to [[460.74697694812, 397.7472470684704]]
Keypoint 173 tracked successfully to [[536.2104482150705, 359.02740446746714]]
Keypoint 174 tracked successfully to [[411.5372794513746, 407.61212174123295]]
Keypoint 175 tracked successfully to [[478.95060934920537, 386.73806576909533]]
Keypoint 176 tracked successfully to [[391.4657885385463, 429.94308591907355]]
Keypoint 177 tracked successfully to [[369.0938258351996, 446.9708638203605]]
Keypoint 178 tracked successfully to [[603.4145269172784, 321.1691930851046]]
Keypoint 179 tracked successfully to [[528.949313766031, 352.59258303522245]]
Keypoint 180 tracked successfully to [[537.2792353038475, 282.332817332131]]
Keypoint 181 tracked successfully to [[355.90273348150265, 445.0881871070794]]
Keypoint 182 tracked successfully to [[331.78119875676185, 451.5615516451695]]
Keypoint 183 tracked successfully to [[420.5961897454462, 417.84078924399824]]
Keypoint 184 tracked successfully to [[290.68436046561817, 466.42562455745997]]
Keypoint 185 tracked successfully to [[524.7147178191391, 369.82562360118476]]
Keypoint 186 tracked successfully to [[488.9632913015494, 379.1064836086684]]
Keypoint 187 tracked successfully to [[336.31782104691825, 445.18929186925806]]
Keypoint 188 tracked successfully to [[560.4538982592176, 343.19772925069014]]
Keypoint 189 tracked successfully to [[340.934039645021, 420.6671100887628]]
Keypoint 190 tracked successfully to [[488.69191049908403, 386.80319024769733]]
Keypoint 191 tracked successfully to [[521.3602017650697, 365.85621504837826]]
Keypoint 192 tracked successfully to [[301.3520883038241, 448.1709437807986]]
Keypoint 193 tracked successfully to [[587.5467909097616, 324.3743113464514]]
Keypoint 194 tracked successfully to [[499.4029476092237, 365.9968204533307]]
Keypoint 195 tracked successfully to [[355.92348388298217, 443.08295447312327]]
Keypoint 196 tracked successfully to [[630.6204356449941, 313.55118659154584]]
Keypoint 197 tracked successfully to [[428.40301393812246, 413.12450157431937]]
Keypoint 198 tracked successfully to [[283.8962772717462, 472.40217806216566]]
Keypoint 199 tracked successfully to [[507.75537901289545, 371.60467231231127]]
Keypoint 200 tracked successfully to [[600.7150065241902, 356.6653921676729]]
Keypoint 201 tracked successfully to [[356.2993800784286, 424.24780489987313]]
Keypoint 202 tracked successfully to [[534.2010591222947, 303.20950034053726]]
Keypoint 203 tracked successfully to [[491.9084416481789, 381.678467426689]]
Keypoint 204 tracked successfully to [[536.5530625253568, 359.7354278012432]]
Keypoint 205 tracked successfully to [[445.7119762413531, 380.6689478353972]]
Keypoint 206 tracked successfully to [[267.8936020455075, 467.0824315933703]]
Keypoint 207 tracked successfully to [[419.78706754949167, 403.88365978553696]]
Keypoint 208 tracked successfully to [[410.5584959663157, 408.526928431126]]
Keypoint 209 tracked successfully to [[466.2673746573522, 202.85478789474374]]
Keypoint 210 tracked successfully to [[509.58279692342677, 371.58798073073854]]
Keypoint 211 tracked successfully to [[351.9544046622704, 444.6007774594929]]
Keypoint 212 tracked successfully to [[597.5230299965136, 327.02798750956845]]
Keypoint 213 tracked successfully to [[588.6500179671077, 352.9893230092032]]
Keypoint 214 tracked successfully to [[335.532700367951, 443.14244943093405]]
Keypoint 215 tracked successfully to [[352.04039825190034, 441.38661997391796]]
Keypoint 216 tracked successfully to [[559.8279941994705, 342.14342835975896]]
Keypoint 217 tracked successfully to [[238.51816085802696, 332.00423546596676]]
Keypoint 218 tracked successfully to [[136.12216805494623, 450.77283940681014]]
Keypoint 219 tracked successfully to [[456.6799116897104, 392.72111643091324]]
Keypoint 220 tracked successfully to [[323.1094056741131, 460.4659331999761]]
Keypoint 221 tracked successfully to [[296.2122754864506, 467.90171799255376]]
Keypoint 222 tracked successfully to [[555.919167120308, 317.5448998079578]]
Keypoint 223 tracked successfully to [[120.97721122829019, 327.070481996377]]
Keypoint 224 tracked successfully to [[550.7433284095367, 346.90263888622985]]
Keypoint 225 tracked successfully to [[521.3412752960946, 356.2086632378924]]
Keypoint 226 tracked successfully to [[132.02708695535958, 442.40257044344617]]
Keypoint 227 tracked successfully to [[320.5204102080015, 446.5635702509051]]
Keypoint 228 tracked successfully to [[146.0833722234741, 332.5156264990002]]
Keypoint 229 tracked successfully to [[624.675621150213, 315.4908583213134]]
Keypoint 230 tracked successfully to [[98.91481025969122, 419.8427360888704]]
Keypoint 231 tracked successfully to [[529.1683652581371, 353.62825920369113]]
Keypoint 232 tracked successfully to [[84.83005734473426, 366.56632946211164]]
Keypoint 233 tracked successfully to [[600.5270254987936, 355.6086763505154]]
Keypoint 234 tracked successfully to [[380.2219382341467, 423.1718983962769]]
Keypoint 235 tracked successfully to [[613.530290865805, 319.457504450727]]
Keypoint 236 tracked successfully to [[597.9208028776308, 334.3244760084583]]
Keypoint 237 tracked successfully to [[118.8819197886117, 325.98759784722915]]
Keypoint 238 tracked successfully to [[337.11326294420786, 443.2347497694447]]
Keypoint 239 tracked successfully to [[137.55577455725484, 313.6836074844269]]
Keypoint 240 tracked successfully to [[255.5264559057306, 474.5877205182134]]
Keypoint 241 tracked successfully to [[597.0907931815401, 320.68607465150006]]
Keypoint 242 tracked successfully to [[568.8668299483203, 343.0144310660694]]
Keypoint 243 tracked successfully to [[435.10238853491984, 408.45613305008214]]
Keypoint 244 tracked successfully to [[349.2213430331145, 430.8356616352628]]
Keypoint 245 tracked successfully to [[528.3219599877566, 352.45192254438507]]
Keypoint 246 tracked successfully to [[630.3485503849392, 314.2234189350396]]
Keypoint 247 tracked successfully to [[383.31609472604475, 422.06856833865226]]
Keypoint 248 tracked successfully to [[421.8785902702209, 398.4628015569978]]
Keypoint 249 tracked successfully to [[431.28358034397434, 401.2738710493514]]
Keypoint 250 tracked successfully to [[412.2426503153833, 408.0856308117284]]
Keypoint 251 tracked successfully to [[359.2839848178773, 426.78689973227887]]
Keypoint 252 tracked successfully to [[383.7852027249344, 432.9526729470146]]
Keypoint 253 tracked successfully to [[317.70214157145125, 450.10114654318545]]
Keypoint 254 tracked successfully to [[430.1114138562817, 400.59900022270136]]
Keypoint 255 tracked successfully to [[94.89032302795125, 341.0485636999065]]
Keypoint 256 tracked successfully to [[574.0818602645018, 344.7536059708475]]
Keypoint 257 tracked successfully to [[522.1979017861872, 357.098559010385]]
Keypoint 258 tracked successfully to [[344.1897941429606, 450.19604343312085]]
Keypoint 259 tracked successfully to [[93.89240709190024, 344.4310882565381]]
Keypoint 260 tracked successfully to [[131.50360981952716, 342.08796651518674]]
Keypoint 261 tracked successfully to [[523.2626877280502, 355.29328092052725]]
Keypoint 262 tracked successfully to [[140.9690671975874, 424.32003939882065]]
Keypoint 263 tracked successfully to [[516.6468283663147, 291.0132880365246]]
Keypoint 264 tracked successfully to [[664.2527582591417, 379.90629456]]
Keypoint 265 tracked successfully to [[336.22652174369324, 442.1852554480309]]
Keypoint 266 tracked successfully to [[321.2533632353137, 451.29588887456464]]
Keypoint 267 tracked successfully to [[290.97836229437644, 444.9449910856384]]
Keypoint 268 tracked successfully to [[575.2846745945609, 345.1614031450273]]
Keypoint 269 tracked successfully to [[390.33559149796355, 428.96323213735434]]
Keypoint 270 tracked successfully to [[382.6761007291734, 433.8719704634314]]
Keypoint 271 tracked successfully to [[99.01213835490246, 372.96810396185765]]
Keypoint 272 tracked successfully to [[71.57308239220839, 355.5513679777745]]
Keypoint 273 tracked successfully to [[600.2459081874346, 355.74823097832075]]
Keypoint 274 tracked successfully to [[365.4705827403932, 421.0333824825886]]
Keypoint 275 tracked successfully to [[229.67843621467384, 325.21314640674416]]
Keypoint 276 tracked successfully to [[512.8543670404918, 287.31971707223505]]
Keypoint 277 tracked successfully to [[488.8630589238193, 381.42075052356086]]
Keypoint 278 tracked successfully to [[555.804212647707, 319.3637935569451]]
Keypoint 279 tracked successfully to [[347.2155861128037, 450.0819327088544]]
Keypoint 280 tracked successfully to [[318.35234985372483, 450.34613513406526]]
Keypoint 281 tracked successfully to [[545.1057596866762, 306.6816305946786]]
Keypoint 282 tracked successfully to [[435.7229159936999, 377.63548429945286]]
Keypoint 283 tracked successfully to [[600.607446397561, 356.48347948645556]]
Keypoint 284 tracked successfully to [[71.28195764472736, 358.7781570570969]]
Keypoint 285 tracked successfully to [[477.8870312724223, 387.51568977557963]]
Keypoint 286 tracked successfully to [[415.74923049241306, 412.0325420454865]]
Keypoint 287 tracked successfully to [[477.27862287489444, 375.65704404164126]]
Keypoint 288 tracked successfully to [[413.28832651326434, 407.40860474967786]]
Keypoint 289 tracked successfully to [[576.5030520804489, 345.3073502433352]]
Keypoint 290 tracked successfully to [[319.80934014223425, 450.75274585403275]]
Keypoint 291 tracked successfully to [[551.0176159820511, 339.7297760859032]]
Keypoint 292 tracked successfully to [[339.4774832089621, 442.6218460301438]]
Keypoint 293 tracked successfully to [[452.0368046165229, 392.72498456566706]]
Keypoint 294 tracked successfully to [[252.94753910388044, 470.1575843746553]]
Keypoint 295 tracked successfully to [[480.6037218530847, 388.2902636599468]]
Keypoint 296 tracked successfully to [[70.94370227453268, 357.3579823456363]]
Keypoint 297 tracked successfully to [[390.73844219224617, 416.16188569953243]]
Keypoint 298 tracked successfully to [[436.03682680898925, 409.4339916236137]]
Keypoint 299 tracked successfully to [[571.9535422306651, 280.3638379236725]]
Keypoint 300 tracked successfully to [[480.69300260262804, 388.6324277176514]]
Keypoint 301 tracked successfully to [[462.76335235204607, 401.76915696055937]]
Keypoint 302 tracked successfully to [[138.6779727916157, 449.50880119288104]]
Keypoint 303 tracked successfully to [[479.69719478467954, 388.32908997563015]]
Keypoint 304 tracked successfully to [[445.08338690489734, 404.13089112981487]]
Keypoint 305 tracked successfully to [[293.4854780024174, 454.200796100212]]
Keypoint 306 tracked successfully to [[333.12070935791525, 453.67478824462125]]
Keypoint 307 tracked successfully to [[357.5799512592505, 431.42379237466076]]
Keypoint 308 tracked successfully to [[116.70223006309848, 327.33702411328693]]
Keypoint 309 tracked successfully to [[97.06759803969477, 342.36070678042535]]
Keypoint 310 tracked successfully to [[71.95486902503485, 356.05791355096875]]
Keypoint 311 tracked successfully to [[454.36724280871755, 393.2941782762133]]
Keypoint 312 tracked successfully to [[421.84887564851783, 414.53107291298045]]
Keypoint 313 tracked successfully to [[466.53191047970193, 390.8378475820761]]
Keypoint 314 tracked successfully to [[69.32139110835908, 360.43441261579204]]
Keypoint 315 tracked successfully to [[562.0730184834837, 325.2690785619656]]
Keypoint 316 tracked successfully to [[594.4007275138491, 321.5514808969141]]
Keypoint 317 tracked successfully to [[321.6896824065815, 451.632983134955]]
Keypoint 318 tracked successfully to [[612.62360976976, 312.99432008839767]]
Keypoint 319 tracked successfully to [[564.1263392299002, 314.75685563800926]]
Keypoint 320 tracked successfully to [[366.8608883148753, 421.75967744985206]]
Keypoint 321 tracked successfully to [[591.2309134743946, 321.5006599208906]]
Keypoint 322 tracked successfully to [[319.46829402780367, 450.5586600115564]]
Keypoint 323 tracked successfully to [[382.6494606019434, 432.87541841366317]]
Keypoint 324 tracked successfully to [[117.46512922435248, 329.1446520693669]]
Keypoint 325 tracked successfully to [[483.473563024884, 264.0486916069965]]
Keypoint 326 tracked successfully to [[594.3265263087723, 322.5422370522747]]
Keypoint 327 tracked successfully to [[392.6004555463176, 411.00830547081637]]
Keypoint 328 tracked successfully to [[115.44075507206433, 331.151139538317]]
Keypoint 329 tracked successfully to [[108.86897756826154, 350.26280982064765]]
Keypoint 330 tracked successfully to [[355.9452624978919, 442.09322028064634]]
Keypoint 331 tracked successfully to [[359.33888352882525, 423.1415474038906]]
Keypoint 332 tracked successfully to [[345.2037033352964, 450.19125358790023]]
Keypoint 333 tracked successfully to [[352.37539757685033, 426.36579350736656]]
Keypoint 334 tracked successfully to [[482.69696272159655, 378.5647267883569]]
Keypoint 335 tracked successfully to [[414.7798323752344, 419.11767077700983]]
Keypoint 336 tracked successfully to [[453.3639925823686, 392.645280510465]]
Keypoint 337 tracked successfully to [[138.35827803625406, 335.69357394404346]]
Keypoint 338 tracked successfully to [[151.9960830033446, 404.8783837409881]]
Keypoint 339 tracked successfully to [[424.44034377414255, 411.8828863521966]]
Keypoint 340 tracked successfully to [[211.11601951342544, 304.69589587700074]]
Keypoint 341 tracked successfully to [[143.447917838259, 298.1108800216149]]
Keypoint 342 tracked successfully to [[399.6436518320365, 413.23633872956674]]
Keypoint 343 tracked successfully to [[548.9809672378204, 346.71006649356127]]
Keypoint 344 tracked successfully to [[142.56921066905792, 310.6964597164137]]
Keypoint 345 tracked successfully to [[562.0279294745956, 325.1195277669898]]
Keypoint 346 tracked successfully to [[631.3943020834613, 313.40032031085667]]
Keypoint 347 tracked successfully to [[118.88344206097644, 327.0041450570837]]
Keypoint 348 tracked successfully to [[147.39073169037908, 313.2473531589196]]
Keypoint 349 tracked successfully to [[421.5262520466906, 420.9182535388279]]
Keypoint 350 tracked successfully to [[410.7694475546204, 407.67925221544436]]
Keypoint 351 tracked successfully to [[381.8516989565374, 422.81209799742794]]
Keypoint 352 tracked successfully to [[324.7959180788194, 444.9265236665363]]
Keypoint 353 tracked successfully to [[612.1582913082755, 318.50293710941054]]
Keypoint 354 tracked successfully to [[550.8045814342494, 309.07510547704385]]
Keypoint 355 tracked successfully to [[165.13933677571916, 378.8726401797162]]
Keypoint 356 tracked successfully to [[415.79402092721307, 419.114514064082]]
Keypoint 357 tracked successfully to [[407.9504101846356, 407.88847910602436]]
Keypoint 358 tracked successfully to [[140.86630810296518, 298.7884711401861]]
Keypoint 359 tracked successfully to [[593.6043587163824, 320.74550815596325]]
Keypoint 360 tracked successfully to [[160.4588163563518, 382.41002769807113]]
Keypoint 361 tracked successfully to [[555.2152024601393, 335.2525743335105]]
Keypoint 362 tracked successfully to [[476.2280655254283, 199.88979327536336]]
Keypoint 363 tracked successfully to [[151.74445720860373, 327.7260787457296]]
Keypoint 364 tracked successfully to [[178.94931256034351, 389.9773441711412]]
Keypoint 365 tracked successfully to [[475.2286619346832, 200.8834181168815]]
Keypoint 366 tracked successfully to [[600.1137405250768, 356.0244105350226]]
Keypoint 367 tracked successfully to [[171.25087661519154, 402.1445075881299]]
Keypoint 368 tracked successfully to [[152.68740878038963, 347.070185895076]]
Keypoint 369 tracked successfully to [[513.1497638045486, 369.9511835776803]]
Keypoint 370 tracked successfully to [[157.1409897433975, 425.63503385729035]]
Keypoint 371 tracked successfully to [[146.7082104816578, 312.40308493315644]]
Keypoint 372 tracked successfully to [[175.5946840049352, 400.0946725602065]]
Keypoint 373 tracked successfully to [[319.62874864762773, 450.6089396136081]]
Keypoint 374 tracked successfully to [[133.63317722593575, 442.3567625948597]]
Keypoint 375 tracked successfully to [[295.84690916823376, 470.57189713941085]]
Keypoint 376 tracked successfully to [[95.98616377038744, 341.38256828222774]]
Keypoint 377 tracked successfully to [[582.5193571953359, 329.27912253993304]]
Keypoint 378 tracked successfully to [[413.09844011390385, 407.9120402074495]]
Keypoint 379 tracked successfully to [[164.16498275822732, 385.77485967289016]]
Keypoint 380 tracked successfully to [[332.24255977927766, 455.8904672965457]]
Keypoint 381 tracked successfully to [[290.4921137727085, 469.6924560827359]]
Keypoint 382 tracked successfully to [[574.6220478518576, 337.6906995531143]]
Keypoint 383 tracked successfully to [[409.72201875728604, 407.75371621363155]]
Keypoint 384 tracked successfully to [[141.42955895292894, 362.37898709136186]]
Keypoint 385 tracked successfully to [[559.0162237966239, 320.21278816354015]]
Keypoint 386 tracked successfully to [[498.517020700093, 365.5089301521044]]
Keypoint 387 tracked successfully to [[326.4060877541455, 447.81509445709537]]
Keypoint 388 tracked successfully to [[134.08227561485808, 411.7758605338527]]
Keypoint 389 tracked successfully to [[161.29518705161243, 359.9111701091994]]
Keypoint 390 tracked successfully to [[389.3759993965308, 428.6824556437281]]
Keypoint 391 tracked successfully to [[144.911813993024, 367.28250839155265]]
Keypoint 392 tracked successfully to [[168.11865185529203, 370.4205431393042]]
Keypoint 393 tracked successfully to [[256.8889685814273, 464.7246103316816]]
Keypoint 394 tracked successfully to [[475.97661749386515, 386.44326039109365]]
Keypoint 395 tracked successfully to [[499.3319387070013, 274.0925252493744]]
Keypoint 396 tracked successfully to [[346.1883246768538, 450.1547284502539]]
Keypoint 397 tracked successfully to [[473.2009398963149, 201.87430544674638]]
Keypoint 398 tracked successfully to [[574.8650967382243, 345.9590367168038]]
Keypoint 399 tracked successfully to [[320.10246912419035, 450.9773489730271]]
Keypoint 400 tracked successfully to [[459.1686375546193, 392.0281158459182]]
Keypoint 401 tracked successfully to [[143.6610123504127, 345.48213637130885]]
Keypoint 402 tracked successfully to [[93.72975295471922, 341.5061193478407]]
Keypoint 403 tracked successfully to [[139.40148536093915, 439.7937532849004]]
Keypoint 404 tracked successfully to [[621.0885186183061, 309.3780984951506]]
Keypoint 405 tracked successfully to [[131.50221399535914, 344.08176727181336]]
Keypoint 406 tracked successfully to [[122.97491064291575, 463.8322718262614]]
Keypoint 407 tracked successfully to [[137.41719453811368, 343.27737187180736]]
Keypoint 408 tracked successfully to [[203.1202742886901, 417.57956619807004]]
Keypoint 409 tracked successfully to [[537.0030159598456, 359.3191201930249]]
Keypoint 410 tracked successfully to [[483.2070428963536, 373.39128751821494]]
Keypoint 411 tracked successfully to [[165.86759991312795, 414.39613313977065]]
Keypoint 412 tracked successfully to [[380.9765833501742, 431.8326688955168]]
Keypoint 413 tracked successfully to [[338.04592050844406, 443.2682275173631]]
Keypoint 414 tracked successfully to [[108.53403200529377, 364.980650066107]]
Keypoint 415 tracked successfully to [[542.99092970126, 310.11601180061103]]
Keypoint 416 tracked successfully to [[86.78936596400021, 345.5415178184029]]
Keypoint 417 tracked successfully to [[147.05179791807345, 378.61576330730367]]
Keypoint 418 tracked successfully to [[639.0687251841154, 306.5676192922307]]
Keypoint 419 tracked successfully to [[90.5211693649533, 357.93189649946834]]
Keypoint 420 tracked successfully to [[146.46825334313556, 429.63768269422866]]
Keypoint 421 tracked successfully to [[319.8273639129215, 451.8695074591982]]
Keypoint 422 tracked successfully to [[144.90008177750252, 347.00099167964737]]
Keypoint 423 tracked successfully to [[163.22303843170573, 395.41577654759624]]
Keypoint 424 tracked successfully to [[430.5392128697573, 402.53839226109835]]
Keypoint 425 tracked successfully to [[562.0028562007017, 342.12251669519367]]
Keypoint 426 tracked successfully to [[119.90327680150337, 372.7793653891188]]
Keypoint 427 tracked successfully to [[142.12860422848976, 365.71901400992635]]
Keypoint 428 tracked successfully to [[498.6328576456509, 362.9837221395308]]
Keypoint 429 tracked successfully to [[276.05891604724553, 460.55954551871207]]
Keypoint 430 tracked successfully to [[556.6769334921154, 346.83885738310477]]
Keypoint 431 tracked successfully to [[600.5932471807279, 356.2719111344526]]
Keypoint 432 tracked successfully to [[100.86520225687669, 387.1008897880178]]
Keypoint 433 tracked successfully to [[174.9398164149014, 359.02099585892023]]
Keypoint 434 tracked successfully to [[355.93439133953603, 425.3328614045646]]
Keypoint 435 tracked successfully to [[152.44112191269653, 421.88535679593633]]
Keypoint 436 tracked successfully to [[549.9912084177248, 345.89105948730264]]
Keypoint 437 tracked successfully to [[158.87458592710038, 420.55062837649547]]
Keypoint 438 tracked successfully to [[122.11719275236156, 353.39511381260036]]
Keypoint 439 tracked successfully to [[364.894929949166, 445.9663665408351]]
Keypoint 440 tracked successfully to [[344.22488805829136, 449.22009510648354]]
Keypoint 441 tracked successfully to [[337.00119049940173, 442.23818724479025]]
Keypoint 442 tracked successfully to [[618.6745512478929, 317.13930497817927]]
Keypoint 443 tracked successfully to [[75.28459880501805, 371.9368871260071]]
Keypoint 444 tracked successfully to [[124.81162677318592, 448.5590151200769]]
Keypoint 445 tracked successfully to [[357.5435735161624, 442.6025756678841]]
Keypoint 446 tracked successfully to [[645.785132013736, 308.2051343293411]]
Keypoint 447 tracked successfully to [[115.20595100649183, 360.3789601773922]]
Keypoint 448 tracked successfully to [[453.72805174742695, 392.71402108426395]]
Keypoint 449 tracked successfully to [[137.67946930802987, 401.93318285686854]]
Keypoint 450 tracked successfully to [[414.7803475973551, 420.12692192059757]]
Keypoint 451 tracked successfully to [[616.4128402465332, 319.51540102979374]]
Keypoint 452 tracked successfully to [[105.93826298560131, 398.2319844977992]]
Keypoint 453 tracked successfully to [[631.6090471514414, 314.34514697459645]]
Keypoint 454 tracked successfully to [[631.8529143217299, 313.62442242315655]]
Keypoint 455 tracked successfully to [[71.00321491897778, 356.92209364835475]]
Keypoint 456 tracked successfully to [[114.29868648654782, 346.6760720312563]]
Keypoint 457 tracked successfully to [[412.5908670778949, 412.5303198786089]]
Keypoint 458 tracked successfully to [[474.2113569850315, 199.8721242492671]]
Keypoint 459 tracked successfully to [[111.15770516374033, 378.73223521432027]]
Keypoint 460 tracked successfully to [[630.5851490577244, 312.75049729689533]]
Keypoint 461 tracked successfully to [[111.50394189373, 358.32545301129215]]
Keypoint 462 tracked successfully to [[518.0699161112638, 286.8104400088816]]
Keypoint 463 tracked successfully to [[160.3562904876876, 413.87205805614036]]
Keypoint 464 tracked successfully to [[579.4373128473434, 236.16256299334037]]
Keypoint 465 tracked successfully to [[110.98901428690304, 388.51502807991636]]
Keypoint 466 tracked successfully to [[148.7427089089769, 440.65308359649936]]
Keypoint 467 tracked successfully to [[383.8510721097542, 13.112271974159412]]
Keypoint 468 tracked successfully to [[132.69786430989308, 376.94682288404044]]
Keypoint 469 tracked successfully to [[115.26324673492154, 394.06928881387614]]
Keypoint 470 tracked successfully to [[174.9262476799031, 420.67704433928446]]
Keypoint 471 tracked successfully to [[358.9821975444876, 454.03951445048693]]
Keypoint 472 tracked successfully to [[114.44901501869025, 329.0997658559155]]
Keypoint 473 tracked successfully to [[142.22229082796153, 395.2623742128788]]
Keypoint 474 tracked successfully to [[615.3702302288776, 318.49000437628484]]
Keypoint 475 tracked successfully to [[85.7020509656916, 365.8283937477536]]
Keypoint 476 tracked successfully to [[586.4345454289705, 248.18734487044821]]
Keypoint 477 tracked successfully to [[131.90209393854843, 400.76868993186105]]
Keypoint 478 tracked successfully to [[87.6754132369967, 367.40115542915566]]
Keypoint 479 tracked successfully to [[357.5415256757658, 441.60513638343747]]
Keypoint 480 tracked successfully to [[419.5812113054319, 402.8908558536107]]
Keypoint 481 tracked successfully to [[118.3979689980393, 399.567853207994]]
Keypoint 482 tracked successfully to [[144.5844621736145, 424.5826988909574]]
Keypoint 483 tracked successfully to [[293.49010073184, 455.05252633525294]]
Keypoint 484 tracked successfully to [[537.1099573889059, 354.1467148433405]]
Keypoint 485 tracked successfully to [[133.99997519824396, 361.9885936153997]]
Keypoint 486 tracked successfully to [[126.94452211942625, 390.4906694635323]]
Keypoint 487 tracked successfully to [[383.9020072893373, 433.93675016842866]]
Keypoint 488 tracked successfully to [[133.83862754972023, 350.3184679100581]]
Keypoint 489 tracked successfully to [[428.15342419794206, 401.2765178116168]]
Keypoint 490 tracked successfully to [[521.3124079263328, 299.13699749865293]]
Keypoint 491 tracked successfully to [[134.76419998187623, 354.62822577378853]]
Keypoint 492 tracked successfully to [[324.89189601100355, 446.89124460237554]]
Keypoint 493 tracked successfully to [[546.0637435388949, 344.702841770651]]
Keypoint 494 tracked successfully to [[597.714728732261, 340.4386370173047]]
Keypoint 495 tracked successfully to [[103.39404967978419, 376.56486033763053]]
Keypoint 496 tracked successfully to [[124.29437656766527, 383.5327854432385]]
Keypoint 497 tracked successfully to [[464.3474588242422, 378.9925253017339]]
Keypoint 498 tracked successfully to [[126.93133914337636, 359.3211033215139]]
Keypoint 499 tracked successfully to [[482.6438758451218, 373.3441634064271]]
多层光流追踪

Keypoint 0 tracked successfully to [[582.0641878414541, 357.32429509293047]]
Keypoint 1 tracked successfully to [[557.0690506593154, 320.2234624130342]]
Keypoint 2 tracked successfully to [[519.4858752885997, 365.40540329882606]]
Keypoint 3 tracked successfully to [[305.19944131782614, 457.95094051164557]]
Keypoint 4 tracked successfully to [[397.9455623105496, 6.678863974850264]]
Keypoint 5 tracked successfully to [[468.689141229739, 391.67278034926375]]
Keypoint 6 tracked successfully to [[552.2072890654956, 339.3123926598794]]
Keypoint 7 tracked successfully to [[450.76676880565725, 398.807056999064]]
Keypoint 8 tracked successfully to [[517.5332559742845, 361.42505389804523]]
Keypoint 9 tracked successfully to [[502.58751770309493, 377.51087777326444]]
Keypoint 10 tracked successfully to [[612.1575919273906, 245.28529654354134]]
Keypoint 11 tracked successfully to [[445.77503119664857, 394.7944543152254]]
Keypoint 12 tracked successfully to [[442.74055847112885, 397.786206209397]]
Keypoint 13 tracked successfully to [[573.9730487951116, 343.2471985005451]]
Keypoint 14 tracked successfully to [[443.74649174235105, 393.7862195731296]]
Keypoint 15 tracked successfully to [[443.7508469471264, 394.791519578226]]
Keypoint 16 tracked successfully to [[456.71592828016287, 398.7461110609482]]
Keypoint 17 tracked successfully to [[467.6999446792517, 361.51326020857863]]
Keypoint 18 tracked successfully to [[635.9382984577633, 378.64702384569995]]
Keypoint 19 tracked successfully to [[495.6527724384658, 370.5074981485012]]
Keypoint 20 tracked successfully to [[589.8854709491627, 359.2499985358283]]
Keypoint 21 tracked successfully to [[402.72063270272724, 415.1094704169445]]
Keypoint 22 tracked successfully to [[513.4866801016017, 370.4445148011514]]
Keypoint 23 tracked successfully to [[427.78737074031636, 412.9906441638255]]
Keypoint 24 tracked successfully to [[499.5992433447614, 375.5113381052881]]
Keypoint 25 tracked successfully to [[501.5612989007338, 376.4995878495687]]
Keypoint 26 tracked successfully to [[583.8849394947118, 333.2122333203767]]
Keypoint 27 tracked successfully to [[551.1553241591253, 320.20288966496105]]
Keypoint 28 tracked successfully to [[457.69152758547756, 396.74305026566856]]
Keypoint 29 tracked successfully to [[494.64387705554145, 368.4998405028272]]
Keypoint 30 tracked successfully to [[466.7130283504332, 381.63076247783016]]
Keypoint 31 tracked successfully to [[353.57467437863374, 443.55664118542296]]
Keypoint 32 tracked successfully to [[467.72785253077654, 384.63095100641544]]
Keypoint 33 tracked successfully to [[416.63297012870953, 401.01957776292494]]
Keypoint 34 tracked successfully to [[594.5730303610418, 318.18618742824833]]
Keypoint 35 tracked successfully to [[372.59499242056705, 429.32688799113646]]
Keypoint 36 tracked successfully to [[410.79799757056986, 425.14943856395524]]
Keypoint 37 tracked successfully to [[468.7229058319502, 383.6311323373692]]
Keypoint 38 tracked successfully to [[321.38355376865417, 450.89483514754494]]
Keypoint 39 tracked successfully to [[375.42297077576956, 331.3513512348083]]
Keypoint 40 tracked successfully to [[359.63764035962004, 431.45166890567197]]
Keypoint 41 tracked successfully to [[287.9750375722492, 462.2046865501622]]
Keypoint 42 tracked successfully to [[520.4513893096157, 356.37900475620796]]
Keypoint 43 tracked successfully to [[355.52845939464476, 445.5844453898175]]
Keypoint 44 tracked successfully to [[489.7285547359518, 444.02191515178583]]
Keypoint 45 tracked successfully to [[410.72084316603343, 410.0091627807911]]
Keypoint 46 tracked successfully to [[574.9135580869934, 326.1882251281126]]
Keypoint 47 tracked successfully to [[579.8982258726646, 331.22639785734]]
Keypoint 48 tracked successfully to [[516.5335233386314, 362.42312639911466]]
Keypoint 49 tracked successfully to [[531.2925341128202, 347.3411325619438]]
Keypoint 50 tracked successfully to [[466.7162056024295, 391.6801830328832]]
Keypoint 51 tracked successfully to [[556.1948415901551, 348.29279721202744]]
Keypoint 52 tracked successfully to [[546.1874606233259, 314.2224187375696]]
Keypoint 53 tracked successfully to [[542.2240156254503, 311.2747021207751]]
Keypoint 54 tracked successfully to [[385.7230046265753, 413.1396785935531]]
Keypoint 55 tracked successfully to [[542.3506868554215, 352.3477738508695]]
Keypoint 56 tracked successfully to [[535.5592867013428, 364.2888475006745]]
Keypoint 57 tracked successfully to [[512.5363951026404, 360.4239364601364]]
Keypoint 58 tracked successfully to [[551.1974758394626, 356.3909209077623]]
Keypoint 59 tracked successfully to [[461.7727117955842, 397.74649367939367]]
Keypoint 60 tracked successfully to [[343.44705242657807, 447.7406300003749]]
Keypoint 61 tracked successfully to [[524.4513088719472, 356.3750660081187]]
Keypoint 62 tracked successfully to [[545.0984857327473, 340.3603256661282]]
Keypoint 63 tracked successfully to [[320.287408073426, 462.07399138355817]]
Keypoint 64 tracked successfully to [[358.55019258239935, 440.6031006783507]]
Keypoint 65 tracked successfully to [[459.722934010371, 397.7525216622954]]
Keypoint 66 tracked successfully to [[442.7403913584738, 395.7917907749358]]
Keypoint 67 tracked successfully to [[527.3844104686261, 362.3869888533705]]
Keypoint 68 tracked successfully to [[413.7433055286685, 413.0153847071799]]
Keypoint 69 tracked successfully to [[391.6915837134269, 416.17205028658975]]
Keypoint 70 tracked successfully to [[523.4315025106453, 357.3616067542491]]
Keypoint 71 tracked successfully to [[475.7070858222902, 386.63805588866234]]
Keypoint 72 tracked successfully to [[549.2182871898274, 345.30281241334825]]
Keypoint 73 tracked successfully to [[309.18220902813556, 470.2467550166189]]
Keypoint 74 tracked successfully to [[528.4529863609234, 354.3775707200479]]
Keypoint 75 tracked successfully to [[412.73578054253653, 421.1391007487795]]
Keypoint 76 tracked successfully to [[688.005196126397, 286.1805341435309]]
Keypoint 77 tracked successfully to [[346.5012028531368, 437.59872832360264]]
Keypoint 78 tracked successfully to [[548.2549324967015, 350.33145959646464]]
Keypoint 79 tracked successfully to [[96.68315001316508, 425.6969425686489]]
Keypoint 80 tracked successfully to [[342.45002877283565, 451.7125912557095]]
Keypoint 81 tracked successfully to [[358.5667952573515, 444.593248755441]]
Keypoint 82 tracked successfully to [[270.592526579033, 468.4650144422393]]
Keypoint 83 tracked successfully to [[515.5188483887175, 361.4222845596015]]
Keypoint 84 tracked successfully to [[283.87120673830253, 470.3824869259838]]
Keypoint 85 tracked successfully to [[330.3254517775343, 452.8333944000498]]
Keypoint 86 tracked successfully to [[510.5380815447171, 372.4583972548878]]
Keypoint 87 tracked successfully to [[413.7597436308591, 412.00987542804404]]
Keypoint 88 tracked successfully to [[358.61066701402166, 434.47750843805863]]
Keypoint 89 tracked successfully to [[344.4736382005271, 449.73756352860414]]
Keypoint 90 tracked successfully to [[390.71913282156936, 415.1446234953447]]
Keypoint 91 tracked successfully to [[328.38559680000367, 444.8028873345866]]
Keypoint 92 tracked successfully to [[568.0534374428249, 323.25641467182703]]
Keypoint 93 tracked successfully to [[466.7099556680907, 382.6297981082641]]
Keypoint 94 tracked successfully to [[514.5030089434157, 369.44894266394704]]
Keypoint 95 tracked successfully to [[336.3682519667488, 443.68900609316046]]
Keypoint 96 tracked successfully to [[388.6511546539064, 417.20028806906333]]
Keypoint 97 tracked successfully to [[581.8260535147324, 321.1848902585396]]
Keypoint 98 tracked successfully to [[465.6725208726871, 382.6226252969979]]
Keypoint 99 tracked successfully to [[516.5349010763885, 369.44167160813146]]
Keypoint 100 tracked successfully to [[482.69695568344144, 381.5756809498381]]
Keypoint 101 tracked successfully to [[589.7975471379777, 331.22204086741937]]
Keypoint 102 tracked successfully to [[459.7289483556921, 396.74709688841546]]
Keypoint 103 tracked successfully to [[501.5685341503805, 373.49837733504154]]
Keypoint 104 tracked successfully to [[457.70643475664025, 381.67039491672455]]
Keypoint 105 tracked successfully to [[592.8861770573137, 353.2638804817436]]
Keypoint 106 tracked successfully to [[416.78719819990283, 419.12371939329745]]
Keypoint 107 tracked successfully to [[568.0190323160427, 328.2605313170454]]
Keypoint 108 tracked successfully to [[324.30656784203313, 443.7694096740703]]
Keypoint 109 tracked successfully to [[279.81992525100577, 472.394195364578]]
Keypoint 110 tracked successfully to [[370.59935185788873, 438.4621914570804]]
Keypoint 111 tracked successfully to [[375.6531009462084, 438.472344761115]]
Keypoint 112 tracked successfully to [[417.8374359971013, 423.1262592386725]]
Keypoint 113 tracked successfully to [[550.2364185460231, 351.3013802119724]]
Keypoint 114 tracked successfully to [[500.57704804281997, 374.4777523506445]]
Keypoint 115 tracked successfully to [[543.3125927673075, 347.3396809322964]]
Keypoint 116 tracked successfully to [[402.53138221579025, 407.11345723387365]]
Keypoint 117 tracked successfully to [[550.2361876155658, 350.32859498460454]]
Keypoint 118 tracked successfully to [[409.61275557714185, 404.0289282351572]]
Keypoint 119 tracked successfully to [[537.4236847617781, 344.3084692753286]]
Keypoint 120 tracked successfully to [[482.7076727762404, 380.56898809065206]]
Keypoint 121 tracked successfully to [[447.72466060514256, 407.91272419928777]]
Keypoint 122 tracked successfully to [[412.7281415684268, 420.12905214248696]]
Keypoint 123 tracked successfully to [[417.7787626803814, 413.05865077173917]]
Keypoint 124 tracked successfully to [[393.51052094043183, 410.1544222722397]]
Keypoint 125 tracked successfully to [[566.0520022442987, 342.2719603245835]]
Keypoint 126 tracked successfully to [[555.1212660738647, 325.23839353862496]]
Keypoint 127 tracked successfully to [[581.8595664510221, 331.2362878541692]]
Keypoint 128 tracked successfully to [[509.51595198917494, 372.4563031569014]]
Keypoint 129 tracked successfully to [[321.27397873355704, 444.7820005367754]]
Keypoint 130 tracked successfully to [[319.25748852471594, 460.0815993809427]]
Keypoint 131 tracked successfully to [[478.68225652678456, 387.63060007140155]]
Keypoint 132 tracked successfully to [[415.8203652585586, 422.13670629632657]]
Keypoint 133 tracked successfully to [[626.2509617777326, 316.12562751685164]]
Keypoint 134 tracked successfully to [[551.2509604466309, 351.30299845302545]]
Keypoint 135 tracked successfully to [[467.7302842815516, 383.63381399901004]]
Keypoint 136 tracked successfully to [[515.5149873572932, 359.4130362448003]]
Keypoint 137 tracked successfully to [[401.69159171057214, 413.1126082610019]]
Keypoint 138 tracked successfully to [[339.44416916153284, 442.6760606830927]]
Keypoint 139 tracked successfully to [[561.0727762279641, 325.26812502145475]]
Keypoint 140 tracked successfully to [[423.7346292100106, 413.9815420198291]]
Keypoint 141 tracked successfully to [[569.0053216240593, 329.26166982270115]]
Keypoint 142 tracked successfully to [[529.4479659541103, 359.38370378087143]]
Keypoint 143 tracked successfully to [[590.8466820899439, 358.25242249137114]]
Keypoint 144 tracked successfully to [[425.76735575456706, 412.98693970022856]]
Keypoint 145 tracked successfully to [[338.4297285533779, 442.68888599099046]]
Keypoint 146 tracked successfully to [[481.67613589173834, 380.5785230719015]]
Keypoint 147 tracked successfully to [[458.708059007375, 396.7525356077837]]
Keypoint 148 tracked successfully to [[335.4083184616322, 455.8425277965563]]
Keypoint 149 tracked successfully to [[345.5003541153329, 410.2312895557636]]
Keypoint 150 tracked successfully to [[539.459279117944, 317.39206898044586]]
Keypoint 151 tracked successfully to [[533.3826157584491, 346.314734094259]]
Keypoint 152 tracked successfully to [[337.40445488537654, 442.69473534541584]]
Keypoint 153 tracked successfully to [[427.85724586138286, 418.0317193041036]]
Keypoint 154 tracked successfully to [[199.7050951715217, 469.8419653428339]]
Keypoint 155 tracked successfully to [[356.5429273648419, 432.4777112711691]]
Keypoint 156 tracked successfully to [[601.6075463523202, 329.19955875069485]]
Keypoint 157 tracked successfully to [[583.8612966701492, 327.2396355512834]]
Keypoint 158 tracked successfully to [[538.4417379417165, 348.3348057314527]]
Keypoint 159 tracked successfully to [[528.4258341459936, 361.3646593870794]]
Keypoint 160 tracked successfully to [[489.61339439781335, 387.6458469645629]]
Keypoint 161 tracked successfully to [[398.6474215947352, 415.09479534488844]]
Keypoint 162 tracked successfully to [[357.58220768638273, 432.4773837954118]]
Keypoint 163 tracked successfully to [[497.38920047578887, 283.11043609814817]]
Keypoint 164 tracked successfully to [[556.1053964995984, 327.217873266364]]
Keypoint 165 tracked successfully to [[357.5296336818037, 440.6015829817579]]
Keypoint 166 tracked successfully to [[267.7900447210207, 479.6526542118117]]
Keypoint 167 tracked successfully to [[64.032514927917, 362.8591568449568]]
Keypoint 168 tracked successfully to [[586.9453160798495, 353.2787483550248]]
Keypoint 169 tracked successfully to [[492.59809223979823, 368.5099838129769]]
Keypoint 170 tracked successfully to [[477.6685364062614, 387.63044473517823]]
Keypoint 171 tracked successfully to [[513.5024807659825, 363.4307467783965]]
Keypoint 172 tracked successfully to [[460.74211594752785, 397.7443154843895]]
Keypoint 173 tracked successfully to [[528.4199309280642, 362.39230890526187]]
Keypoint 174 tracked successfully to [[400.66488846066363, 413.1122093586564]]
Keypoint 175 tracked successfully to [[469.70918076109, 389.6702461528897]]
Keypoint 176 tracked successfully to [[383.6325673624576, 434.36531722907114]]
Keypoint 177 tracked successfully to [[355.512431947375, 441.594940568989]]
Keypoint 178 tracked successfully to [[594.6704051778056, 325.19884115740246]]
Keypoint 179 tracked successfully to [[522.4549004967104, 355.37649786343843]]
Keypoint 180 tracked successfully to [[531.1661654078578, 283.11307591701313]]
Keypoint 181 tracked successfully to [[343.4485852377992, 451.720843029288]]
Keypoint 182 tracked successfully to [[316.2056852607607, 460.0792065423579]]
Keypoint 183 tracked successfully to [[413.7516954506602, 420.12803198283297]]
Keypoint 184 tracked successfully to [[282.8425804948688, 470.3933332580182]]
Keypoint 185 tracked successfully to [[521.5992854054301, 371.4044381248959]]
Keypoint 186 tracked successfully to [[479.64497746945665, 379.5526374071637]]
Keypoint 187 tracked successfully to [[323.27466242166184, 447.81286352377646]]
Keypoint 188 tracked successfully to [[551.2244466796251, 347.3273412672833]]
Keypoint 189 tracked successfully to [[342.40334153562935, 435.5882496443274]]
Keypoint 190 tracked successfully to [[478.6773609573857, 386.61065845741285]]
Keypoint 191 tracked successfully to [[515.5346997682758, 369.4430810842551]]
Keypoint 192 tracked successfully to [[302.12065007649215, 454.99560567215184]]
Keypoint 193 tracked successfully to [[578.8873470063693, 329.2209512515277]]
Keypoint 194 tracked successfully to [[492.6163028484354, 370.5192585835303]]
Keypoint 195 tracked successfully to [[343.45479820895275, 449.7348855583564]]
Keypoint 196 tracked successfully to [[624.2256585601605, 315.12204881784805]]
Keypoint 197 tracked successfully to [[417.8001654245395, 412.05314648729166]]
Keypoint 198 tracked successfully to [[283.89671184474713, 472.4022496533118]]
Keypoint 199 tracked successfully to [[500.5713969924824, 375.50567044932757]]
Keypoint 200 tracked successfully to [[593.847839145716, 360.2738121225725]]
Keypoint 201 tracked successfully to [[343.4329228121401, 436.58521130314506]]
Keypoint 202 tracked successfully to [[534.1851878475027, 303.1960516431525]]
Keypoint 203 tracked successfully to [[480.6635476952038, 380.57278638608096]]
Keypoint 204 tracked successfully to [[528.4112731503652, 363.38766170492346]]
Keypoint 205 tracked successfully to [[445.71486688429644, 380.66966435975263]]
Keypoint 206 tracked successfully to [[250.46649757189326, 474.56479981746116]]
Keypoint 207 tracked successfully to [[410.7069579482365, 408.0024236250589]]
Keypoint 208 tracked successfully to [[399.6473273886204, 414.11146445570995]]
Keypoint 209 tracked successfully to [[466.26622407314807, 202.853050568865]]
Keypoint 210 tracked successfully to [[502.5869387164983, 375.50025813450696]]
Keypoint 211 tracked successfully to [[345.49508914311707, 450.7390871255985]]
Keypoint 212 tracked successfully to [[591.7562064756038, 330.2389157701595]]
Keypoint 213 tracked successfully to [[578.3291608477123, 354.5809133696198]]
Keypoint 214 tracked successfully to [[322.2704249712573, 445.78356016153657]]
Keypoint 215 tracked successfully to [[345.48692988010714, 447.74078666062434]]
Keypoint 216 tracked successfully to [[550.2206637575789, 346.27784062574494]]
Keypoint 217 tracked successfully to [[240.6281235793087, 312.2196829129837]]
Keypoint 218 tracked successfully to [[131.17288037332543, 440.8903730442689]]
Keypoint 219 tracked successfully to [[456.68123428391067, 392.72408604111973]]
Keypoint 220 tracked successfully to [[318.24155006780774, 462.0712865030542]]
Keypoint 221 tracked successfully to [[281.82947177556105, 472.4089217357608]]
Keypoint 222 tracked successfully to [[549.1574168826754, 318.20499181822856]]
Keypoint 223 tracked successfully to [[99.01332211969219, 341.38369678977665]]
Keypoint 224 tracked successfully to [[540.384885945462, 348.3325861616825]]
Keypoint 225 tracked successfully to [[513.5054090294478, 361.42306292975763]]
Keypoint 226 tracked successfully to [[124.24892148992818, 442.66515656209396]]
Keypoint 227 tracked successfully to [[316.21809433880037, 452.92229468505866]]
Keypoint 228 tracked successfully to [[138.04159389906016, 333.05148418044035]]
Keypoint 229 tracked successfully to [[616.4288985116114, 319.1838061894574]]
Keypoint 230 tracked successfully to [[98.68266460039874, 419.5693074213393]]
Keypoint 231 tracked successfully to [[522.4592314841357, 356.3873820071231]]
Keypoint 232 tracked successfully to [[87.65567412677943, 364.79352124001343]]
Keypoint 233 tracked successfully to [[592.8535351870904, 359.2582061442262]]
Keypoint 234 tracked successfully to [[375.61103683975597, 427.3383253557449]]
Keypoint 235 tracked successfully to [[604.5864658666114, 319.20984665581625]]
Keypoint 236 tracked successfully to [[590.8497195844224, 338.17764857325585]]
Keypoint 237 tracked successfully to [[97.76715274398971, 339.4650478999166]]
Keypoint 238 tracked successfully to [[324.3174583464547, 445.80045419579113]]
Keypoint 239 tracked successfully to [[118.2353971298781, 326.25278199101]]
Keypoint 240 tracked successfully to [[255.52553805677562, 474.5874560617444]]
Keypoint 241 tracked successfully to [[581.8397265309648, 327.2382053182876]]
Keypoint 242 tracked successfully to [[557.199582564238, 347.2702991522015]]
Keypoint 243 tracked successfully to [[424.7461387579933, 412.98314037129916]]
Keypoint 244 tracked successfully to [[344.46111323863266, 439.6088316602344]]
Keypoint 245 tracked successfully to [[521.4404880647957, 355.3746829720313]]
Keypoint 246 tracked successfully to [[624.2330777820991, 316.1229722811054]]
Keypoint 247 tracked successfully to [[374.60655057929625, 426.33908562912893]]
Keypoint 248 tracked successfully to [[414.5445265891532, 402.0469768788414]]
Keypoint 249 tracked successfully to [[427.76864929142243, 405.91571548564997]]
Keypoint 250 tracked successfully to [[401.69341838723653, 414.113861805584]]
Keypoint 251 tracked successfully to [[359.632770344369, 433.47630206735147]]
Keypoint 252 tracked successfully to [[373.6236087751202, 437.4684303940893]]
Keypoint 253 tracked successfully to [[308.16514915293874, 456.0419585860936]]
Keypoint 254 tracked successfully to [[425.7783515309105, 404.9344943658734]]
Keypoint 255 tracked successfully to [[95.80948332219464, 340.4680243424951]]
Keypoint 256 tracked successfully to [[559.1456776119277, 342.2641259611083]]
Keypoint 257 tracked successfully to [[514.511929063099, 362.42735750324596]]
Keypoint 258 tracked successfully to [[333.35314261613, 453.84035301881687]]
Keypoint 259 tracked successfully to [[93.89242762387715, 344.435875944635]]
Keypoint 260 tracked successfully to [[116.3453097190123, 337.9559674588832]]
Keypoint 261 tracked successfully to [[515.5179193190879, 360.4201766369695]]
Keypoint 262 tracked successfully to [[129.49076338496928, 425.3937548061007]]
Keypoint 263 tracked successfully to [[511.3351495561499, 292.1522365248261]]
Keypoint 264 tracked successfully to [[607.1300383844184, 356.63031167375726]]
Keypoint 265 tracked successfully to [[323.2731162335576, 444.78471446741605]]
Keypoint 266 tracked successfully to [[311.19080156218837, 457.05125152664584]]
Keypoint 267 tracked successfully to [[290.97843981000085, 444.94508161147746]]
Keypoint 268 tracked successfully to [[561.1279362522079, 342.26864300219785]]
Keypoint 269 tracked successfully to [[382.6133147354506, 432.35975140974745]]
Keypoint 270 tracked successfully to [[372.60571028152333, 438.46745330021406]]
Keypoint 271 tracked successfully to [[92.6959185163088, 375.90385145362416]]
Keypoint 272 tracked successfully to [[70.52392183131488, 356.2532108415582]]
Keypoint 273 tracked successfully to [[590.8584983066955, 360.2398225671689]]
Keypoint 274 tracked successfully to [[343.4384258786972, 437.59173046071425]]
Keypoint 275 tracked successfully to [[239.61439055222067, 311.2134112982109]]
Keypoint 276 tracked successfully to [[507.36909236866074, 288.14104018356676]]
Keypoint 277 tracked successfully to [[478.64684566940997, 381.53965332978765]]
Keypoint 278 tracked successfully to [[549.1456332856429, 320.193993781595]]
Keypoint 279 tracked successfully to [[336.42051228496695, 453.85715228216685]]
Keypoint 280 tracked successfully to [[308.1731552353835, 457.01971990830555]]
Keypoint 281 tracked successfully to [[536.2619305291387, 307.17443085221896]]
Keypoint 282 tracked successfully to [[435.7243186862506, 377.6317681098417]]
Keypoint 283 tracked successfully to [[592.8456755437303, 360.2670764053994]]
Keypoint 284 tracked successfully to [[71.17047493588144, 358.8501813314823]]
Keypoint 285 tracked successfully to [[468.69060056296047, 390.6759707542018]]
Keypoint 286 tracked successfully to [[415.7566101174421, 412.03232490460937]]
Keypoint 287 tracked successfully to [[468.71927545978144, 381.6344371308555]]
Keypoint 288 tracked successfully to [[402.71355052961155, 413.1102134412188]]
Keypoint 289 tracked successfully to [[563.1044342140952, 342.27082175828104]]
Keypoint 290 tracked successfully to [[309.1915885204988, 458.00940718468974]]
Keypoint 291 tracked successfully to [[537.4410730890754, 347.33106178758607]]
Keypoint 292 tracked successfully to [[327.38539697619063, 444.8015945493327]]
Keypoint 293 tracked successfully to [[441.7337912159523, 394.7928547720659]]
Keypoint 294 tracked successfully to [[253.49398646595873, 475.58729632498586]]
Keypoint 295 tracked successfully to [[471.72511202235677, 391.66882103200123]]
Keypoint 296 tracked successfully to [[69.8468063595713, 358.0582469155198]]
Keypoint 297 tracked successfully to [[390.7142620594304, 416.1655637994246]]
Keypoint 298 tracked successfully to [[425.77762625264813, 413.9988325993703]]
Keypoint 299 tracked successfully to [[561.8628899731892, 281.0999624744659]]
Keypoint 300 tracked successfully to [[480.692228472144, 388.61684068805755]]
Keypoint 301 tracked successfully to [[462.764324551489, 401.76792632926333]]
Keypoint 302 tracked successfully to [[129.42697546557488, 442.6263396507635]]
Keypoint 303 tracked successfully to [[470.72843430130956, 391.67116456247555]]
Keypoint 304 tracked successfully to [[435.69951813405834, 407.93057433804006]]
Keypoint 305 tracked successfully to [[286.9559979988029, 459.19477511348845]]
Keypoint 306 tracked successfully to [[317.21318168968395, 462.077023329228]]
Keypoint 307 tracked successfully to [[357.5860535741611, 431.452918571197]]
Keypoint 308 tracked successfully to [[115.87083925658686, 327.81270543032656]]
Keypoint 309 tracked successfully to [[97.0766317235255, 342.33797988447947]]
Keypoint 310 tracked successfully to [[68.87722538130002, 358.0284541302151]]
Keypoint 311 tracked successfully to [[443.7448229781112, 395.7864781276687]]
Keypoint 312 tracked successfully to [[414.7416467544864, 413.024354714117]]
Keypoint 313 tracked successfully to [[450.755088831667, 392.7144441140689]]
Keypoint 314 tracked successfully to [[70.10328389558298, 359.8889622901779]]
Keypoint 315 tracked successfully to [[562.0697307263171, 325.26377304599623]]
Keypoint 316 tracked successfully to [[581.8481456054336, 329.21915995352595]]
Keypoint 317 tracked successfully to [[310.19293467133633, 459.9966499474533]]
Keypoint 318 tracked successfully to [[603.5480482671803, 317.1989297019196]]
Keypoint 319 tracked successfully to [[558.9589718047125, 317.1878697729504]]
Keypoint 320 tracked successfully to [[356.5421716586498, 433.4834153003466]]
Keypoint 321 tracked successfully to [[583.8716101031603, 329.2188034182892]]
Keypoint 322 tracked successfully to [[310.20160108550334, 456.01020785593425]]
Keypoint 323 tracked successfully to [[372.60530866091324, 437.4670016055025]]
Keypoint 324 tracked successfully to [[117.44529401030294, 329.158318236931]]
Keypoint 325 tracked successfully to [[483.48176884522536, 264.0522387434213]]
Keypoint 326 tracked successfully to [[582.8506365447855, 330.21327960398605]]
Keypoint 327 tracked successfully to [[382.61950979940826, 415.2232366964373]]
Keypoint 328 tracked successfully to [[115.4204129656989, 331.1720568955753]]
Keypoint 329 tracked successfully to [[110.30141594766748, 349.42450495806906]]
Keypoint 330 tracked successfully to [[343.4608963754387, 448.7439217981403]]
Keypoint 331 tracked successfully to [[354.4961268319974, 432.47360085525725]]
Keypoint 332 tracked successfully to [[334.3968631123897, 453.8489261514169]]
Keypoint 333 tracked successfully to [[342.41374807254186, 437.5894882096139]]
Keypoint 334 tracked successfully to [[482.6993091643546, 378.5588584505159]]
Keypoint 335 tracked successfully to [[414.7812122600139, 419.11795317131157]]
Keypoint 336 tracked successfully to [[442.7392464853576, 394.788904286785]]
Keypoint 337 tracked successfully to [[123.6977072272534, 331.1372668112919]]
Keypoint 338 tracked successfully to [[151.97625938940226, 404.89344683368535]]
Keypoint 339 tracked successfully to [[411.7100425940348, 418.101506679415]]
Keypoint 340 tracked successfully to [[153.28108516880476, 342.0072202379393]]
Keypoint 341 tracked successfully to [[140.10824832108057, 314.7487352336587]]
Keypoint 342 tracked successfully to [[388.6404830955014, 416.198682495287]]
Keypoint 343 tracked successfully to [[537.4353771843432, 348.33231926543084]]
Keypoint 344 tracked successfully to [[137.19692837545028, 313.6692381163895]]
Keypoint 345 tracked successfully to [[556.1039473100055, 326.2251605712637]]
Keypoint 346 tracked successfully to [[625.2521671386774, 316.1289178373329]]
Keypoint 347 tracked successfully to [[97.88473302322916, 340.4324571371225]]
Keypoint 348 tracked successfully to [[137.06500143695092, 316.76289377413843]]
Keypoint 349 tracked successfully to [[413.7559049805997, 419.12349693351223]]
Keypoint 350 tracked successfully to [[399.64646275541924, 413.1108919791004]]
Keypoint 351 tracked successfully to [[372.5955667193754, 426.3295570381604]]
Keypoint 352 tracked successfully to [[319.30990568319146, 450.9121677311647]]
Keypoint 353 tracked successfully to [[607.6197910509211, 323.19327004151074]]
Keypoint 354 tracked successfully to [[539.2230234201417, 307.20206344474934]]
Keypoint 355 tracked successfully to [[164.40912978133167, 379.43501479632914]]
Keypoint 356 tracked successfully to [[415.7933093721706, 419.11476090875533]]
Keypoint 357 tracked successfully to [[401.671821015842, 411.08511784448984]]
Keypoint 358 tracked successfully to [[139.03551977947455, 312.75301415835384]]
Keypoint 359 tracked successfully to [[580.8421174770609, 328.21456441011935]]
Keypoint 360 tracked successfully to [[147.02497433805223, 379.5489224157797]]
Keypoint 361 tracked successfully to [[552.2363110394265, 340.3101095165172]]
Keypoint 362 tracked successfully to [[476.2299265782634, 199.88939293572295]]
Keypoint 363 tracked successfully to [[135.84220425116433, 324.72242503931136]]
Keypoint 364 tracked successfully to [[166.29382736268167, 390.57237541919386]]
Keypoint 365 tracked successfully to [[475.2220514332655, 200.8854332861528]]
Keypoint 366 tracked successfully to [[591.8520565211436, 360.25882755461316]]
Keypoint 367 tracked successfully to [[158.14613615262235, 398.7626152340432]]
Keypoint 368 tracked successfully to [[139.04136877946885, 343.0974225134843]]
Keypoint 369 tracked successfully to [[506.56621817337196, 372.46315219396723]]
Keypoint 370 tracked successfully to [[132.66728999925417, 439.4192952256052]]
Keypoint 371 tracked successfully to [[135.92090612991572, 317.8815044426467]]
Keypoint 372 tracked successfully to [[163.25277517572826, 394.7039755305976]]
Keypoint 373 tracked successfully to [[307.09804342902004, 460.0700365632315]]
Keypoint 374 tracked successfully to [[129.51410516313345, 426.4332714909755]]
Keypoint 375 tracked successfully to [[281.8326744064006, 475.42496789613176]]
Keypoint 376 tracked successfully to [[94.74473745277248, 342.15834948839785]]
Keypoint 377 tracked successfully to [[573.9576005582496, 333.24422638366144]]
Keypoint 378 tracked successfully to [[402.7160428910174, 414.11310038294465]]
Keypoint 379 tracked successfully to [[156.1367724481413, 386.5970634006373]]
Keypoint 380 tracked successfully to [[317.2128593170413, 464.0884419537245]]
Keypoint 381 tracked successfully to [[282.8658363223738, 473.41180127187516]]
Keypoint 382 tracked successfully to [[576.0040388754311, 347.24766959716976]]
Keypoint 383 tracked successfully to [[397.66740211951856, 413.09952879858116]]
Keypoint 384 tracked successfully to [[126.70158821704752, 358.6557733408057]]
Keypoint 385 tracked successfully to [[559.0339891308186, 320.23654885790535]]
Keypoint 386 tracked successfully to [[492.60613867558754, 369.5175798680722]]
Keypoint 387 tracked successfully to [[326.4033222151381, 447.8103811704888]]
Keypoint 388 tracked successfully to [[125.39617237558647, 415.338202840792]]
Keypoint 389 tracked successfully to [[148.11446001246398, 356.2836854635389]]
Keypoint 390 tracked successfully to [[382.6100658750838, 433.3530492434878]]
Keypoint 391 tracked successfully to [[145.9848430192538, 366.38267648360903]]
Keypoint 392 tracked successfully to [[156.2326728790787, 372.394414775292]]
Keypoint 393 tracked successfully to [[254.5150848145929, 476.61003153246185]]
Keypoint 394 tracked successfully to [[466.7155389268862, 389.6764959068135]]
Keypoint 395 tracked successfully to [[499.3313209609077, 274.0920797317159]]
Keypoint 396 tracked successfully to [[335.4100860706158, 453.85231398420007]]
Keypoint 397 tracked successfully to [[473.1998579917694, 201.87446186747374]]
Keypoint 398 tracked successfully to [[560.1442133254519, 343.2739531708612]]
Keypoint 399 tracked successfully to [[310.19200293922665, 457.01288903423585]]
Keypoint 400 tracked successfully to [[444.7657902719073, 394.78995234580503]]
Keypoint 401 tracked successfully to [[149.28001179647273, 325.92702609161694]]
Keypoint 402 tracked successfully to [[93.62232646221348, 341.58588931375834]]
Keypoint 403 tracked successfully to [[147.83902155852957, 425.2814096248753]]
Keypoint 404 tracked successfully to [[616.3397684274413, 312.21310223169394]]
Keypoint 405 tracked successfully to [[116.40748369773404, 340.06867425924963]]
Keypoint 406 tracked successfully to [[132.60378365955953, 438.46279013765076]]
Keypoint 407 tracked successfully to [[122.73212144981146, 339.05832148750386]]
Keypoint 408 tracked successfully to [[178.55766847403723, 396.58269244614064]]
Keypoint 409 tracked successfully to [[529.4385565584998, 362.3790556153647]]
Keypoint 410 tracked successfully to [[476.6520559610358, 376.5483070098688]]
Keypoint 411 tracked successfully to [[165.29167378675578, 408.837695842751]]
Keypoint 412 tracked successfully to [[370.5961957617696, 436.46336203208773]]
Keypoint 413 tracked successfully to [[325.3868075528457, 445.8030998992464]]
Keypoint 414 tracked successfully to [[103.02549168082065, 368.79167647243446]]
Keypoint 415 tracked successfully to [[543.2140531970035, 310.2480553074534]]
Keypoint 416 tracked successfully to [[84.27317935021296, 347.10489839799845]]
Keypoint 417 tracked successfully to [[132.7244968014453, 375.60266518218253]]
Keypoint 418 tracked successfully to [[631.1519004389311, 305.1730360334348]]
Keypoint 419 tracked successfully to [[81.5972838987372, 360.7991429500493]]
Keypoint 420 tracked successfully to [[166.30110454310943, 406.7603476984228]]
Keypoint 421 tracked successfully to [[308.1681489035984, 461.026296103893]]
Keypoint 422 tracked successfully to [[130.68109059661472, 342.97807068220607]]
Keypoint 423 tracked successfully to [[150.0512629270114, 392.7259095411991]]
Keypoint 424 tracked successfully to [[425.77549424387746, 406.93961056492844]]
Keypoint 425 tracked successfully to [[551.2307092473732, 346.27242516645475]]
Keypoint 426 tracked successfully to [[150.84769618187906, 377.71521699849194]]
Keypoint 427 tracked successfully to [[127.60515800135926, 362.37435154927897]]
Keypoint 428 tracked successfully to [[493.6375815418141, 370.51785959941196]]
Keypoint 429 tracked successfully to [[270.3975335746266, 466.69610831713965]]
Keypoint 430 tracked successfully to [[549.2273145735803, 350.30684784847494]]
Keypoint 431 tracked successfully to [[591.8534209437449, 361.25749677913547]]
Keypoint 432 tracked successfully to [[100.9047699909119, 387.0730977701283]]
Keypoint 433 tracked successfully to [[165.41537469892404, 362.2846688116284]]
Keypoint 434 tracked successfully to [[344.467345194095, 436.5823581999154]]
Keypoint 435 tracked successfully to [[141.78133164174548, 421.29974311110306]]
Keypoint 436 tracked successfully to [[538.4285664012642, 347.3265526451202]]
Keypoint 437 tracked successfully to [[164.22717599689958, 406.83723922607777]]
Keypoint 438 tracked successfully to [[106.18709726818618, 349.3837485053583]]
Keypoint 439 tracked successfully to [[359.55901819918637, 443.6022136508603]]
Keypoint 440 tracked successfully to [[333.35064112588293, 452.83675891865215]]
Keypoint 441 tracked successfully to [[324.316371072253, 444.7941648155227]]
Keypoint 442 tracked successfully to [[610.5296220765432, 319.16032233963983]]
Keypoint 443 tracked successfully to [[75.28145935703584, 371.9412825011966]]
Keypoint 444 tracked successfully to [[124.23978003974104, 440.65037178118286]]
Keypoint 445 tracked successfully to [[357.54407358474543, 442.60289946568736]]
Keypoint 446 tracked successfully to [[645.7824674147762, 308.20400505073235]]
Keypoint 447 tracked successfully to [[116.41743075785907, 359.4595156312838]]
Keypoint 448 tracked successfully to [[453.72717137092457, 392.71217968959303]]
Keypoint 449 tracked successfully to [[137.69832592013861, 401.9289725628508]]
Keypoint 450 tracked successfully to [[414.77990400389973, 420.1274865727948]]
Keypoint 451 tracked successfully to [[611.4802833899105, 319.1611821728907]]
Keypoint 452 tracked successfully to [[105.94641765171554, 398.22504854063465]]
Keypoint 453 tracked successfully to [[621.2872528117811, 314.14758563811625]]
Keypoint 454 tracked successfully to [[623.2266059572988, 315.12093217607685]]
Keypoint 455 tracked successfully to [[68.10782850307409, 358.86003939272246]]
Keypoint 456 tracked successfully to [[108.22658972274446, 350.4248056495589]]
Keypoint 457 tracked successfully to [[410.71483039453443, 419.0904544971198]]
Keypoint 458 tracked successfully to [[474.20600064174823, 199.8737672040332]]
Keypoint 459 tracked successfully to [[110.13632602732338, 378.85627380824087]]
Keypoint 460 tracked successfully to [[624.228776596376, 314.1270912074812]]
Keypoint 461 tracked successfully to [[94.86339220952476, 354.4796833316499]]
Keypoint 462 tracked successfully to [[513.3408632734404, 288.1621502796895]]
Keypoint 463 tracked successfully to [[160.35475709133667, 413.88859964864827]]
Keypoint 464 tracked successfully to [[579.4508431082764, 236.16634927459646]]
Keypoint 465 tracked successfully to [[93.81650929865147, 391.0907844798623]]
Keypoint 466 tracked successfully to [[149.84259786761652, 423.24155386558084]]
Keypoint 467 tracked successfully to [[371.05992078803746, 8.582240349019806]]
Keypoint 468 tracked successfully to [[117.41793813916006, 373.6698103389882]]
Keypoint 469 tracked successfully to [[115.26836183309901, 394.0702375046269]]
Keypoint 470 tracked successfully to [[170.40711073847586, 403.68771674930616]]
Keypoint 471 tracked successfully to [[355.51952011271953, 443.59304025032134]]
Keypoint 472 tracked successfully to [[114.46032233719424, 329.09309462139777]]
Keypoint 473 tracked successfully to [[127.50968753894259, 392.80057211673545]]
Keypoint 474 tracked successfully to [[603.5723882486069, 318.20324988851945]]
Keypoint 475 tracked successfully to [[85.60170201000369, 365.7842578956912]]
Keypoint 476 tracked successfully to [[586.4333871555312, 248.18674684864308]]
Keypoint 477 tracked successfully to [[116.30028540912657, 398.09583765346406]]
Keypoint 478 tracked successfully to [[71.12535114181325, 379.0011195560324]]
Keypoint 479 tracked successfully to [[357.540694961591, 441.6010458474034]]
Keypoint 480 tracked successfully to [[410.70255087356054, 406.985698366478]]
Keypoint 481 tracked successfully to [[101.89103344518108, 397.2098073802928]]
Keypoint 482 tracked successfully to [[168.4256593034195, 404.6656531143897]]
Keypoint 483 tracked successfully to [[286.9559536999308, 460.1925968294748]]
Keypoint 484 tracked successfully to [[535.4046802200565, 358.34721830813766]]
Keypoint 485 tracked successfully to [[130.68703865861082, 363.4636647655886]]
Keypoint 486 tracked successfully to [[111.10025381249089, 387.8462752497527]]
Keypoint 487 tracked successfully to [[373.62202376768755, 438.4679532332119]]
Keypoint 488 tracked successfully to [[133.84406892515344, 350.32281459654894]]
Keypoint 489 tracked successfully to [[420.7489023438144, 404.95608389510636]]
Keypoint 490 tracked successfully to [[521.3422769221763, 299.15760098527284]]
Keypoint 491 tracked successfully to [[119.7136751608757, 350.60081285107924]]
Keypoint 492 tracked successfully to [[319.2663135824683, 452.9368357342966]]
Keypoint 493 tracked successfully to [[540.365581203671, 346.3227492777626]]
Keypoint 494 tracked successfully to [[591.8623558274742, 344.24791803141784]]
Keypoint 495 tracked successfully to [[87.69259132738472, 380.04699839857176]]
Keypoint 496 tracked successfully to [[126.50818197010655, 381.7100321057128]]
Keypoint 497 tracked successfully to [[453.7313397808933, 388.69721343264126]]
Keypoint 498 tracked successfully to [[111.25886548242558, 355.51124180782284]]
Keypoint 499 tracked successfully to [[475.630336954044, 376.5563864877724]]
