图片路径:"./assets/ch8-000001.png"

迭代: 0, 成本: 21084.705
T21 = 

  ┌                                                                                             ┐
  │     0.9990631658893543    0.03993496750174952   -0.01667300014318881 -0.0008541521067612582 │
  │  -0.039820596557755356     0.9991813614001117   0.007136324011975606  0.0004606916278344321 │
  │    0.01694433984919585 -0.0064657096481072485     0.9998355284474648   0.001277320880750836 │
  │                      0                      0                      0                      1 │
  └                                                                                             ┘


单层直接法: 0.292182583
图片路径:"./assets/ch8-000002.png"

迭代: 0, 成本: 40424.60880098967
T21 = 

  ┌                                                                                         ┐
  │    0.9970644079198454   0.06960275696656895 -0.031906467715823214 -0.001346162255606946 │
  │  -0.06890077535603634    0.9973675435634796   0.02259792471639018 0.0016297448018301021 │
  │   0.03339535319150179 -0.020333206063072255    0.9992353632235058 0.0025832562852379885 │
  │                     0                     0                     0                     1 │
  └                                                                                         ┘


单层直接法: 0.282875583
图片路径:"./assets/ch8-000003.png"

迭代: 0, 成本: 58511.13766087102
T21 = 

  ┌                                                                                         ┐
  │    0.9942398885290751   0.09480120853786071  -0.04999774912387038 -0.002450745519664143 │
  │  -0.09391352401770715    0.9953830548661265  0.019819790411437388  0.001837022256246161 │
  │   0.05164585234331967 -0.015010161396161239    0.9985526530887558  0.003999692311497548 │
  │                     0                     0                     0                     1 │
  └                                                                                         ┘


单层直接法: 0.276178083
图片路径:"./assets/ch8-000004.png"

迭代: 0, 成本: 75957.77253881049
T21 = 

  ┌                                                                                             ┐
  │     0.9912028345602825    0.11907719499909007  -0.057771640021812884 -0.0036777967404090996 │
  │   -0.11770500305370836     0.9926919530770734   0.026612375920838118   0.002407989554775865 │
  │    0.06051836924263378  -0.019578251381933327      0.997975059336173   0.005479948964235662 │
  │                      0                      0                      0                      1 │
  └                                                                                             ┘


单层直接法: 0.264937458
图片路径:"./assets/ch8-000005.png"

迭代: 0, 成本: 90051.38607541821
T21 = 

  ┌                                                                                         ┐
  │    0.9884400384052214   0.13918516240395376 -0.060114732338000444 -0.004463769438074743 │
  │  -0.13691686686633783    0.9897602638687025   0.04035333485676195  0.002959164820447437 │
  │   0.06511575880683529    -0.031656131051369    0.9973754695809741  0.005936186119159966 │
  │                     0                     0                     0                     1 │
  └                                                                                         ┘


单层直接法: 0.252205041
