图片路径:"./assets/ch8-000001.png"

迭代: 0, 成本: 12308.606882324208
T21 = 

  ┌                                                                                             ┐
  │     0.9524303857277323     0.3015001816619056   0.044429728790090155  -0.003210241232723807 │
  │   -0.28373242767373474     0.9304624727537855   -0.23180918075710438 -0.0007448658012033818 │
  │   -0.11123070542297181    0.20817595263322064      0.971746110317072   0.004654729361295467 │
  │                      0                      0                      0                      1 │
  └                                                                                             ┘


单层直接法: 0.265253083
迭代: 0, 成本: 85669.981282861
T21 = 

  ┌                                                                                             ┐
  │     0.9218799427483955     0.3859353122197975    0.03451530008594093  -0.005209022743755008 │
  │    -0.3607089083126468     0.8873181597241661    -0.2873248455800819 -0.0008377164815452974 │
  │    -0.1415148565420385    0.25242903597947436     0.9572111194362295  0.0075372648611578925 │
  │                      0                      0                      0                      1 │
  └                                                                                             ┘


单层直接法: 0.209044375
迭代: 0, 成本: 86278.86385506127
迭代: 1, 成本: 78932.01005537802
T21 = 

  ┌                                                                                             ┐
  │     0.9125446387532822    0.40829198571115227   0.023662981356667577  -0.003920845296385371 │
  │    -0.3842899544360964     0.8758218816839785   -0.29198846292796965 -0.0005550692441357431 │
  │   -0.13994110619165737     0.2573590603953543      0.956129071219088   0.005821003343790509 │
  │                      0                      0                      0                      1 │
  └                                                                                             ┘


单层直接法: 0.218726375
迭代: 0, 成本: 80969.97454752732
T21 = 

  ┌                                                                                             ┐
  │     0.9024751333468863     0.4303302061971928   0.018829427097003137 -0.0038350987692527313 │
  │    -0.4083426816880122     0.8686402069107689   -0.28057164013823516  0.0009773860335536846 │
  │   -0.13709444920332334    0.24552006959166922       0.95964837697218   0.006101092525896705 │
  │                      0                      0                      0                      1 │
  └                                                                                             ┘


单层直接法: 0.127039291
图片路径:"./assets/ch8-000002.png"

迭代: 0, 成本: 62918.87454601741
迭代: 1, 成本: 50964.083456400964
T21 = 

  ┌                                                                                         ┐
  │    0.9471695479166553  -0.29475511826277095  -0.12644867637606494 -0.024437567736266715 │
  │   0.31573559637889087    0.9262155288055071    0.2059995810160813 -0.006922309367973688 │
  │   0.05639929679193713  -0.23504087826894032    0.9703478267425244  0.031340398699299214 │
  │                     0                     0                     0                     1 │
  └                                                                                         ┘


单层直接法: 0.200831125
迭代: 0, 成本: 69534.8098484062
T21 = 

  ┌                                                                                         ┐
  │    0.9472662867926415  -0.29811538115257286  -0.11753212933635326  -0.02048814529041247 │
  │   0.31717620385681067    0.9245284812892887     0.211296812545538 -0.005842805353928968 │
  │   0.04567097122969815  -0.23743274164524486    0.9703297664102439  0.026951156449003068 │
  │                     0                     0                     0                     1 │
  └                                                                                         ┘


单层直接法: 0.184161042
迭代: 0, 成本: 83774.72875510731
T21 = 

  ┌                                                                                         ┐
  │    0.9471687899339618  -0.29351554196707935  -0.12930549098474545 -0.021599883894582617 │
  │   0.31590017516818664    0.9234576352579759    0.2177913570655551 -0.005447138203677023 │
  │   0.05548299472580243   -0.2471328033821467    0.9673918620645605  0.026764523956617322 │
  │                     0                     0                     0                     1 │
  └                                                                                         ┘


单层直接法: 0.1588415
迭代: 0, 成本: 95209.12401528576
T21 = 

  ┌                                                                                             ┐
  │     0.9333317952635999   -0.31511300687588656   -0.17203358058141766  -0.023745940533225245 │
  │     0.3542740917013179      0.885997942912672    0.29916134961542046 -0.0009776576916912668 │
  │   0.058151766088673965   -0.34016384001264904     0.9385664249527665   0.026241319858266894 │
  │                      0                      0                      0                      1 │
  └                                                                                             ┘


单层直接法: 0.126065416
图片路径:"./assets/ch8-000003.png"

迭代: 0, 成本: 22775.232856931147
T21 = 

  ┌                                                                                         ┐
  │   0.04421799171614049    0.8267708019552389   -0.5607983686164595  -0.11494996211886517 │
  │   -0.5883617834340118   -0.4321172771721953   -0.6834508545342795 -0.013060132923383315 │
  │   -0.8073878751894532    0.3601731525302503    0.4673329853471514   0.17026336457658037 │
  │                     0                     0                     0                     1 │
  └                                                                                         ┘


单层直接法: 0.014470583
迭代: 0, 成本: 63921.11568575347
T21 = 

  ┌                                                                                         ┐
  │  -0.04616616846798771    0.7583799406344983   -0.6501757843323606  -0.12865335429683258 │
  │  -0.49587978081956463   -0.5824112758412814   -0.6441275873204559 -0.018972255722675038 │
  │   -0.8671631495072458   0.29267212271780474   0.40295297581793377    0.1871745873124643 │
  │                     0                     0                     0                     1 │
  └                                                                                         ┘


单层直接法: 0.102599416
迭代: 0, 成本: 130972.77167231684
T21 = 

  ┌                                                                                         ┐
  │  -0.07708204146335573    0.7174503164073005    -0.692331858555495  -0.12220712057420292 │
  │   -0.4823637720411582   -0.6345562962860871   -0.6038737436467237 -0.009325333785477431 │
  │   -0.8725729484152411    0.2874079858506856    0.3949849356155055   0.17640532201758752 │
  │                     0                     0                     0                     1 │
  └                                                                                         ┘


单层直接法: 0.056263917
迭代: 0, 成本: 160315.8221080921
迭代: 1, 成本: 117803.74896521952
T21 = 

  ┌                                                                                     ┐
  │  0.11041063796222783   0.8092234858483349  -0.5770327902088784 -0.12796900323951144 │
  │  -0.6937522281289734 -0.35299298414217173  -0.6277768704822513 0.012703735880665796 │
  │  -0.7117003140303219   0.4696310286787641   0.5224264157862495   0.1615720204177094 │
  │                    0                    0                    0                    1 │
  └                                                                                     ┘


单层直接法: 0.04936275
图片路径:"./assets/ch8-000004.png"

T21 = 

  ┌                                                                                     ┐
  │  0.11041063796222783   0.8092234858483349  -0.5770327902088784 -0.12796900323951144 │
  │  -0.6937522281289734 -0.35299298414217173  -0.6277768704822513 0.012703735880665796 │
  │  -0.7117003140303219   0.4696310286787641   0.5224264157862495   0.1615720204177094 │
  │                    0                    0                    0                    1 │
  └                                                                                     ┘


单层直接法: 0.002474291
迭代: 0, 成本: 9952.64361905522
T21 = 

  ┌                                                                                     ┐
  │   0.9936933376281276  0.10127337313948065   0.0481378712286223  -0.0973772597095485 │
  │  -0.0881181514129811   0.9707573545011597 -0.22330550838138477 -0.06053442151615137 │
  │ -0.06934509459962428  0.21765537570862173   0.9735591380497169  0.12565698167218953 │
  │                    0                    0                    0                    1 │
  └                                                                                     ┘


单层直接法: 0.006331209
迭代: 0, 成本: 63264.225409655686
T21 = 

  ┌                                                                                         ┐
  │     0.993265544467401   0.09742560583615734   0.06270414261701729  -0.09536557330216772 │
  │   -0.0810970355733821    0.9711440954988444    -0.224282002396405 -0.062349676699279086 │
  │  -0.08274556782745005    0.2176864651400935    0.9725048965942145    0.1302758082903449 │
  │                     0                     0                     0                     1 │
  └                                                                                         ┘


单层直接法: 0.072367167
迭代: 0, 成本: 119395.80207527199
T21 = 

  ┌                                                                                     ┐
  │   0.9902854758169111  0.12098584779861912  0.06853539974730932  -0.0944911844223315 │
  │ -0.10422445060874833   0.9721083356759842 -0.21010151737808208 -0.05673084026913784 │
  │ -0.09204314358700871  0.20091741672069474   0.9752744492587222  0.13244235645914174 │
  │                    0                    0                    0                    1 │
  └                                                                                     ┘


单层直接法: 0.176934625
图片路径:"./assets/ch8-000005.png"

T21 = 

  ┌                                                                                     ┐
  │   0.9902854758169111  0.12098584779861912  0.06853539974730932  -0.0944911844223315 │
  │ -0.10422445060874833   0.9721083356759842 -0.21010151737808208 -0.05673084026913784 │
  │ -0.09204314358700871  0.20091741672069474   0.9752744492587222  0.13244235645914174 │
  │                    0                    0                    0                    1 │
  └                                                                                     ┘


单层直接法: 0.002497459
迭代: 0, 成本: 51340.046356081984
T21 = 

  ┌                                                                                     ┐
  │    0.488721427927844  0.01590160068119037  -0.8722949644357377 -0.24508797891778478 │
  │   0.3281547532426462  -0.9297616528746497  0.16690634130570506  0.05602332984185457 │
  │  -0.8083723299374038 -0.36781844426234866  -0.4596126284731503 0.009371172503020716 │
  │                    0                    0                    0                    1 │
  └                                                                                     ┘


单层直接法: 0.005589166
T21 = 

  ┌                                                                                     ┐
  │    0.488721427927844  0.01590160068119037  -0.8722949644357377 -0.24508797891778478 │
  │   0.3281547532426462  -0.9297616528746497  0.16690634130570506  0.05602332984185457 │
  │  -0.8083723299374038 -0.36781844426234866  -0.4596126284731503 0.009371172503020716 │
  │                    0                    0                    0                    1 │
  └                                                                                     ┘


单层直接法: 0.002532792
T21 = 

  ┌                                                                                     ┐
  │    0.488721427927844  0.01590160068119037  -0.8722949644357377 -0.24508797891778478 │
  │   0.3281547532426462  -0.9297616528746497  0.16690634130570506  0.05602332984185457 │
  │  -0.8083723299374038 -0.36781844426234866  -0.4596126284731503 0.009371172503020716 │
  │                    0                    0                    0                    1 │
  └                                                                                     ┘


单层直接法: 0.0024075
